Archive member included to satisfy reference by file (symbol)

/usr/share/gcc-arm-none-eabi-10.3-2021.10/bin/../lib/gcc/arm-none-eabi/10.3.1/../../../../arm-none-eabi/lib/thumb/v7e-m+fp/hard/libstdc++_nano.a(pure.o)
                              CMakeFiles/lab6.dir/home/elkhayder/sec1-tp-mac/lib/tft/arduinoCore/Print.cpp.obj (__cxa_pure_virtual)
/usr/share/gcc-arm-none-eabi-10.3-2021.10/bin/../lib/gcc/arm-none-eabi/10.3.1/../../../../arm-none-eabi/lib/thumb/v7e-m+fp/hard/libstdc++_nano.a(eh_terminate.o)
                              /usr/share/gcc-arm-none-eabi-10.3-2021.10/bin/../lib/gcc/arm-none-eabi/10.3.1/../../../../arm-none-eabi/lib/thumb/v7e-m+fp/hard/libstdc++_nano.a(pure.o) (std::terminate())
/usr/share/gcc-arm-none-eabi-10.3-2021.10/bin/../lib/gcc/arm-none-eabi/10.3.1/../../../../arm-none-eabi/lib/thumb/v7e-m+fp/hard/libstdc++_nano.a(eh_unex_handler.o)
                              /usr/share/gcc-arm-none-eabi-10.3-2021.10/bin/../lib/gcc/arm-none-eabi/10.3.1/../../../../arm-none-eabi/lib/thumb/v7e-m+fp/hard/libstdc++_nano.a(eh_terminate.o) (__cxxabiv1::__unexpected_handler)
/usr/share/gcc-arm-none-eabi-10.3-2021.10/bin/../lib/gcc/arm-none-eabi/10.3.1/../../../../arm-none-eabi/lib/thumb/v7e-m+fp/hard/libstdc++_nano.a(eh_term_handler.o)
                              /usr/share/gcc-arm-none-eabi-10.3-2021.10/bin/../lib/gcc/arm-none-eabi/10.3.1/../../../../arm-none-eabi/lib/thumb/v7e-m+fp/hard/libstdc++_nano.a(eh_terminate.o) (__cxxabiv1::__terminate_handler)
/usr/share/gcc-arm-none-eabi-10.3-2021.10/bin/../lib/gcc/arm-none-eabi/10.3.1/thumb/v7e-m+fp/hard/libgcc.a(_arm_muldf3.o)
                              CMakeFiles/lab6.dir/home/elkhayder/sec1-tp-mac/lib/tft/arduinoCore/Print.cpp.obj (__aeabi_dmul)
/usr/share/gcc-arm-none-eabi-10.3-2021.10/bin/../lib/gcc/arm-none-eabi/10.3.1/thumb/v7e-m+fp/hard/libgcc.a(_arm_addsubdf3.o)
                              CMakeFiles/lab6.dir/home/elkhayder/sec1-tp-mac/lib/tft/arduinoCore/Print.cpp.obj (__aeabi_dsub)
/usr/share/gcc-arm-none-eabi-10.3-2021.10/bin/../lib/gcc/arm-none-eabi/10.3.1/thumb/v7e-m+fp/hard/libgcc.a(_arm_muldivdf3.o)
                              CMakeFiles/lab6.dir/home/elkhayder/sec1-tp-mac/lib/tft/arduinoCore/Print.cpp.obj (__aeabi_ddiv)
/usr/share/gcc-arm-none-eabi-10.3-2021.10/bin/../lib/gcc/arm-none-eabi/10.3.1/thumb/v7e-m+fp/hard/libgcc.a(_arm_cmpdf2.o)
                              CMakeFiles/lab6.dir/home/elkhayder/sec1-tp-mac/lib/tft/arduinoCore/Print.cpp.obj (__aeabi_dcmplt)
/usr/share/gcc-arm-none-eabi-10.3-2021.10/bin/../lib/gcc/arm-none-eabi/10.3.1/thumb/v7e-m+fp/hard/libgcc.a(_arm_unorddf2.o)
                              CMakeFiles/lab6.dir/home/elkhayder/sec1-tp-mac/lib/tft/arduinoCore/Print.cpp.obj (__aeabi_dcmpun)
/usr/share/gcc-arm-none-eabi-10.3-2021.10/bin/../lib/gcc/arm-none-eabi/10.3.1/thumb/v7e-m+fp/hard/libgcc.a(_arm_fixdfsi.o)
                              CMakeFiles/lab6.dir/home/elkhayder/sec1-tp-mac/lib/tft/arduinoCore/Print.cpp.obj (__aeabi_d2iz)
/usr/share/gcc-arm-none-eabi-10.3-2021.10/bin/../lib/gcc/arm-none-eabi/10.3.1/thumb/v7e-m+fp/hard/libgcc.a(_arm_fixunsdfsi.o)
                              CMakeFiles/lab6.dir/home/elkhayder/sec1-tp-mac/lib/tft/arduinoCore/Print.cpp.obj (__aeabi_d2uiz)
/usr/share/gcc-arm-none-eabi-10.3-2021.10/bin/../lib/gcc/arm-none-eabi/10.3.1/thumb/v7e-m+fp/hard/libgcc.a(_aeabi_uldivmod.o)
                              CMakeFiles/lab6.dir/home/elkhayder/sec1-tp-mac/lib/tft/arduinoCore/Print.cpp.obj (__aeabi_uldivmod)
/usr/share/gcc-arm-none-eabi-10.3-2021.10/bin/../lib/gcc/arm-none-eabi/10.3.1/thumb/v7e-m+fp/hard/libgcc.a(_udivmoddi4.o)
                              /usr/share/gcc-arm-none-eabi-10.3-2021.10/bin/../lib/gcc/arm-none-eabi/10.3.1/thumb/v7e-m+fp/hard/libgcc.a(_aeabi_uldivmod.o) (__udivmoddi4)
/usr/share/gcc-arm-none-eabi-10.3-2021.10/bin/../lib/gcc/arm-none-eabi/10.3.1/thumb/v7e-m+fp/hard/libgcc.a(unwind-arm.o)
                              CMakeFiles/lab6.dir/main.cpp.obj (__aeabi_unwind_cpp_pr0)
/usr/share/gcc-arm-none-eabi-10.3-2021.10/bin/../lib/gcc/arm-none-eabi/10.3.1/thumb/v7e-m+fp/hard/libgcc.a(libunwind.o)
                              /usr/share/gcc-arm-none-eabi-10.3-2021.10/bin/../lib/gcc/arm-none-eabi/10.3.1/thumb/v7e-m+fp/hard/libgcc.a(unwind-arm.o) (restore_core_regs)
/usr/share/gcc-arm-none-eabi-10.3-2021.10/bin/../lib/gcc/arm-none-eabi/10.3.1/thumb/v7e-m+fp/hard/libgcc.a(pr-support.o)
                              /usr/share/gcc-arm-none-eabi-10.3-2021.10/bin/../lib/gcc/arm-none-eabi/10.3.1/thumb/v7e-m+fp/hard/libgcc.a(unwind-arm.o) (__gnu_unwind_execute)
/usr/share/gcc-arm-none-eabi-10.3-2021.10/bin/../lib/gcc/arm-none-eabi/10.3.1/thumb/v7e-m+fp/hard/libgcc.a(_dvmd_tls.o)
                              /usr/share/gcc-arm-none-eabi-10.3-2021.10/bin/../lib/gcc/arm-none-eabi/10.3.1/thumb/v7e-m+fp/hard/libgcc.a(_aeabi_uldivmod.o) (__aeabi_ldiv0)
[...]
Memory Configuration

Name             Origin             Length             Attributes
FLASH            0x0000000008000000 0x0000000000010000 xr
RAM              0x0000000020000000 0x0000000000003000 xrw
*default*        0x0000000000000000 0xffffffffffffffff

Linker script and memory map

LOAD /usr/share/gcc-arm-none-eabi-10.3-2021.10/bin/../lib/gcc/arm-none-eabi/10.3.1/thumb/v7e-m+fp/hard/crti.o
LOAD /usr/share/gcc-arm-none-eabi-10.3-2021.10/bin/../lib/gcc/arm-none-eabi/10.3.1/thumb/v7e-m+fp/hard/crtbegin.o
LOAD /usr/share/gcc-arm-none-eabi-10.3-2021.10/bin/../lib/gcc/arm-none-eabi/10.3.1/../../../../arm-none-eabi/lib/thumb/v7e-m+fp/hard/crt0.o
LOAD CMakeFiles/lab6.dir/main.cpp.obj
LOAD CMakeFiles/lab6.dir/servo.cpp.obj
LOAD CMakeFiles/lab6.dir/encoder.cpp.obj
LOAD CMakeFiles/lab6.dir/home/elkhayder/sec1-tp-mac/lib/adc.c.obj
LOAD CMakeFiles/lab6.dir/home/elkhayder/sec1-tp-mac/lib/pinAccess.c.obj
LOAD CMakeFiles/lab6.dir/home/elkhayder/sec1-tp-mac/lib/spi.c.obj
LOAD CMakeFiles/lab6.dir/home/elkhayder/sec1-tp-mac/lib/exti.c.obj
LOAD CMakeFiles/lab6.dir/home/elkhayder/sec1-tp-mac/lib/tft/tft.cpp.obj
LOAD CMakeFiles/lab6.dir/home/elkhayder/sec1-tp-mac/lib/tft/arduinoCore/Print.cpp.obj
LOAD CMakeFiles/lab6.dir/home/elkhayder/sec1-tp-mac/lib/tft/Adafruit-GFX-Library/Adafruit_GFX.cpp.obj
LOAD CMakeFiles/lab6.dir/home/elkhayder/sec1-tp-mac/lib/tft/Adafruit-GFX-Library/Adafruit_SPITFT.cpp.obj
LOAD CMakeFiles/lab6.dir/home/elkhayder/sec1-tp-mac/lib/tft/Adafruit-ST7735-Library/Adafruit_ST7735.cpp.obj
LOAD CMakeFiles/lab6.dir/home/elkhayder/sec1-tp-mac/lib/tft/Adafruit-ST7735-Library/Adafruit_ST77xx.cpp.obj
LOAD CMakeFiles/lab6.dir/home/elkhayder/sec1-tp-mac/sys/startup_ARMCM4.c.obj
LOAD CMakeFiles/lab6.dir/home/elkhayder/sec1-tp-mac/sys/startup_clock.c.obj
START GROUP
END GROUP
LOAD /usr/share/gcc-arm-none-eabi-10.3-2021.10/bin/../lib/gcc/arm-none-eabi/10.3.1/../../../../arm-none-eabi/lib/thumb/v7e-m+fp/hard/libstdc++_nano.a
LOAD /usr/share/gcc-arm-none-eabi-10.3-2021.10/bin/../lib/gcc/arm-none-eabi/10.3.1/../../../../arm-none-eabi/lib/thumb/v7e-m+fp/hard/libm.a
LOAD /usr/share/gcc-arm-none-eabi-10.3-2021.10/bin/../lib/gcc/arm-none-eabi/10.3.1/../../../../arm-none-eabi/lib/thumb/v7e-m+fp/hard/libstdc++.a
LOAD /usr/share/gcc-arm-none-eabi-10.3-2021.10/bin/../lib/gcc/arm-none-eabi/10.3.1/../../../../arm-none-eabi/lib/thumb/v7e-m+fp/hard/libm.a
START GROUP
LOAD /usr/share/gcc-arm-none-eabi-10.3-2021.10/bin/../lib/gcc/arm-none-eabi/10.3.1/thumb/v7e-m+fp/hard/libgcc.a
LOAD /usr/share/gcc-arm-none-eabi-10.3-2021.10/bin/../lib/gcc/arm-none-eabi/10.3.1/../../../../arm-none-eabi/lib/thumb/v7e-m+fp/hard/libc.a
END GROUP
LOAD /usr/share/gcc-arm-none-eabi-10.3-2021.10/bin/../lib/gcc/arm-none-eabi/10.3.1/thumb/v7e-m+fp/hard/crtend.o
LOAD /usr/share/gcc-arm-none-eabi-10.3-2021.10/bin/../lib/gcc/arm-none-eabi/10.3.1/thumb/v7e-m+fp/hard/crtn.o
START GROUP
LOAD /usr/share/gcc-arm-none-eabi-10.3-2021.10/bin/../lib/gcc/arm-none-eabi/10.3.1/thumb/v7e-m+fp/hard/libgcc.a
LOAD /usr/share/gcc-arm-none-eabi-10.3-2021.10/bin/../lib/gcc/arm-none-eabi/10.3.1/../../../../arm-none-eabi/lib/thumb/v7e-m+fp/hard/libc.a
LOAD /usr/share/gcc-arm-none-eabi-10.3-2021.10/bin/../lib/gcc/arm-none-eabi/10.3.1/../../../../arm-none-eabi/lib/thumb/v7e-m+fp/hard/libm.a
LOAD /usr/share/gcc-arm-none-eabi-10.3-2021.10/bin/../lib/gcc/arm-none-eabi/10.3.1/../../../../arm-none-eabi/lib/thumb/v7e-m+fp/hard/libnosys.a
END GROUP

.text           0x0000000008000000     0x5958
 *(.vectors)
 .vectors       0x0000000008000000      0x3c0 CMakeFiles/lab6.dir/home/elkhayder/sec1-tp-mac/sys/startup_ARMCM4.c.obj
                0x0000000008000000                __Vectors
                0x00000000080003c0                __Vectors_End = .
                0x00000000080003c0                __Vectors_Size = (__Vectors_End - __Vectors)
                0x00000000200004b0                __end__ = .
 *(.text*)
 .text          0x00000000080003c0       0x40 /usr/share/gcc-arm-none-eabi-10.3-2021.10/bin/../lib/gcc/arm-none-eabi/10.3.1/thumb/v7e-m+fp/hard/crtbegin.o
 .text          0x0000000008000400       0x7c /usr/share/gcc-arm-none-eabi-10.3-2021.10/bin/../lib/gcc/arm-none-eabi/10.3.1/../../../../arm-none-eabi/lib/thumb/v7e-m+fp/hard/crt0.o
                0x0000000008000400                _stack_init
                0x0000000008000408                _mainCRTStartup
                0x0000000008000408                _start
 .text.NVIC_EnableIRQ
                0x000000000800047c       0x34 CMakeFiles/lab6.dir/main.cpp.obj
 .text._Z5setupv
                0x00000000080004b0       0x80 CMakeFiles/lab6.dir/main.cpp.obj
                0x00000000080004b0                setup()
 .text.EXTI1_IRQHandler
                0x0000000008000530       0x4c CMakeFiles/lab6.dir/main.cpp.obj
                0x0000000008000530                EXTI1_IRQHandler
 .text.TIM6_DAC1_IRQHandler
                0x000000000800057c       0xb8 CMakeFiles/lab6.dir/main.cpp.obj
                0x000000000800057c                TIM6_DAC1_IRQHandler
 .text.main     0x0000000008000634      0x22c CMakeFiles/lab6.dir/main.cpp.obj
                0x0000000008000634                main
 .text._Z9servoInitv
                0x0000000008000860       0xc4 CMakeFiles/lab6.dir/servo.cpp.obj
                0x0000000008000860                servoInit()
 .text._Z8servoSeti
                0x0000000008000924       0x3c CMakeFiles/lab6.dir/servo.cpp.obj
                0x0000000008000924                servoSet(int)
 .text._Z11encoderInitv
                0x0000000008000960       0x2c CMakeFiles/lab6.dir/encoder.cpp.obj
                0x0000000008000960                encoderInit()
 .text._Z12encoderValuev
                0x000000000800098c       0x18 CMakeFiles/lab6.dir/encoder.cpp.obj
                0x000000000800098c                encoderValue()
 .text._Z19encoderValueInStepsv
                0x00000000080009a4       0x30 CMakeFiles/lab6.dir/encoder.cpp.obj
                0x00000000080009a4                encoderValueInSteps()
 .text.EXTI0_IRQHandler
                0x00000000080009d4       0x5c CMakeFiles/lab6.dir/encoder.cpp.obj
                0x00000000080009d4                EXTI0_IRQHandler
 .text.clockForGpio
                0x0000000008000a30       0x98 CMakeFiles/lab6.dir/home/elkhayder/sec1-tp-mac/lib/pinAccess.c.obj
                0x0000000008000a30                clockForGpio
 .text.pinMode  0x0000000008000ac8      0x16c CMakeFiles/lab6.dir/home/elkhayder/sec1-tp-mac/lib/pinAccess.c.obj
                0x0000000008000ac8                pinMode
 .text.digitalRead
                0x0000000008000c34       0x78 CMakeFiles/lab6.dir/home/elkhayder/sec1-tp-mac/lib/pinAccess.c.obj
                0x0000000008000c34                digitalRead
 .text.pinAlt   0x0000000008000cac       0xfc CMakeFiles/lab6.dir/home/elkhayder/sec1-tp-mac/lib/pinAccess.c.obj
                0x0000000008000cac                pinAlt
 .text.setupSPI
                0x0000000008000da8       0xb8 CMakeFiles/lab6.dir/home/elkhayder/sec1-tp-mac/lib/spi.c.obj
                0x0000000008000da8                setupSPI
 .text.transfer8
                0x0000000008000e60       0x60 CMakeFiles/lab6.dir/home/elkhayder/sec1-tp-mac/lib/spi.c.obj
                0x0000000008000e60                transfer8
 .text.NVIC_EnableIRQ
                0x0000000008000ec0       0x34 CMakeFiles/lab6.dir/home/elkhayder/sec1-tp-mac/lib/exti.c.obj
 .text.attachInterrupt
                0x0000000008000ef4      0x180 CMakeFiles/lab6.dir/home/elkhayder/sec1-tp-mac/lib/exti.c.obj
                0x0000000008000ef4                attachInterrupt
 .text._ZN15Adafruit_ST7735C2Ev
                0x0000000008001074       0x24 CMakeFiles/lab6.dir/home/elkhayder/sec1-tp-mac/lib/tft/tft.cpp.obj
                0x0000000008001074                Adafruit_ST7735::Adafruit_ST7735()
                0x0000000008001074                Adafruit_ST7735::Adafruit_ST7735()
 .text._ZN3tftC2Ev
                0x0000000008001098       0x24 CMakeFiles/lab6.dir/home/elkhayder/sec1-tp-mac/lib/tft/tft.cpp.obj
                0x0000000008001098                tft::tft()
                0x0000000008001098                tft::tft()
 .text._ZN3tft5eraseEv
                0x00000000080010bc       0x2c CMakeFiles/lab6.dir/home/elkhayder/sec1-tp-mac/lib/tft/tft.cpp.obj
                0x00000000080010bc                tft::erase()
 .text._ZN3tft5setupEv
                0x00000000080010e8       0x3c CMakeFiles/lab6.dir/home/elkhayder/sec1-tp-mac/lib/tft/tft.cpp.obj
                0x00000000080010e8                tft::setup()
 .text._ZN3tft13setTextCursorEjj
                0x0000000008001124       0x60 CMakeFiles/lab6.dir/home/elkhayder/sec1-tp-mac/lib/tft/tft.cpp.obj
                0x0000000008001124                tft::setTextCursor(unsigned int, unsigned int)
 .text._ZN3tft12getTextWidthEv
                0x0000000008001184       0x30 CMakeFiles/lab6.dir/home/elkhayder/sec1-tp-mac/lib/tft/tft.cpp.obj
                0x0000000008001184                tft::getTextWidth()
 .text._ZN3tft13getTextHeightEv
                0x00000000080011b4       0x30 CMakeFiles/lab6.dir/home/elkhayder/sec1-tp-mac/lib/tft/tft.cpp.obj
                0x00000000080011b4                tft::getTextHeight()
 .text._ZN3tft9eraseTextEj
                0x00000000080011e4       0x8e CMakeFiles/lab6.dir/home/elkhayder/sec1-tp-mac/lib/tft/tft.cpp.obj
                0x00000000080011e4                tft::eraseText(unsigned int)
 *fill*         0x0000000008001272        0x2 
 .text._Z41__static_initialization_and_destruction_0ii
                0x0000000008001274       0x2c CMakeFiles/lab6.dir/home/elkhayder/sec1-tp-mac/lib/tft/tft.cpp.obj
 .text._GLOBAL__sub_I__ZN3tft5eraseEv
                0x00000000080012a0       0x10 CMakeFiles/lab6.dir/home/elkhayder/sec1-tp-mac/lib/tft/tft.cpp.obj
 .text._ZN5Print5writeEPKc
                0x00000000080012b0       0x38 CMakeFiles/lab6.dir/home/elkhayder/sec1-tp-mac/lib/tft/arduinoCore/Print.cpp.obj
                0x00000000080012b0                Print::write(char const*)
 .text._ZN5Print5writeEPKhj
                0x00000000080012e8       0x5c CMakeFiles/lab6.dir/home/elkhayder/sec1-tp-mac/lib/tft/arduinoCore/Print.cpp.obj
                0x00000000080012e8                Print::write(unsigned char const*, unsigned int)
 .text._ZN5Print5printEPKc
                0x0000000008001344       0x1c CMakeFiles/lab6.dir/home/elkhayder/sec1-tp-mac/lib/tft/arduinoCore/Print.cpp.obj
                0x0000000008001344                Print::print(char const*)
 .text._ZN5Print5printEc
                0x0000000008001360       0x24 CMakeFiles/lab6.dir/home/elkhayder/sec1-tp-mac/lib/tft/arduinoCore/Print.cpp.obj
                0x0000000008001360                Print::print(char)
 .text._ZN5Print5printEii
                0x0000000008001384       0x20 CMakeFiles/lab6.dir/home/elkhayder/sec1-tp-mac/lib/tft/arduinoCore/Print.cpp.obj
                0x0000000008001384                Print::print(int, int)
 .text._ZN5Print5printEli
                0x00000000080013a4       0x82 CMakeFiles/lab6.dir/home/elkhayder/sec1-tp-mac/lib/tft/arduinoCore/Print.cpp.obj
                0x00000000080013a4                Print::print(long, int)
 *fill*         0x0000000008001426        0x2 
 .text._ZN5Print7printlnEv
                0x0000000008001428       0x20 CMakeFiles/lab6.dir/home/elkhayder/sec1-tp-mac/lib/tft/arduinoCore/Print.cpp.obj
                0x0000000008001428                Print::println()
 .text._ZN5Print7printlnEPKc
                0x0000000008001448       0x2e CMakeFiles/lab6.dir/home/elkhayder/sec1-tp-mac/lib/tft/arduinoCore/Print.cpp.obj
                0x0000000008001448                Print::println(char const*)
 .text._ZN5Print7printlnEii
                0x0000000008001476       0x32 CMakeFiles/lab6.dir/home/elkhayder/sec1-tp-mac/lib/tft/arduinoCore/Print.cpp.obj
                0x0000000008001476                Print::println(int, int)
 .text._ZN5Print11printNumberEmh
                0x00000000080014a8       0x88 CMakeFiles/lab6.dir/home/elkhayder/sec1-tp-mac/lib/tft/arduinoCore/Print.cpp.obj
                0x00000000080014a8                Print::printNumber(unsigned long, unsigned char)
 .text._ZN5PrintC2Ev
                0x0000000008001530       0x28 CMakeFiles/lab6.dir/home/elkhayder/sec1-tp-mac/lib/tft/Adafruit-GFX-Library/Adafruit_GFX.cpp.obj
                0x0000000008001530                Print::Print()
                0x0000000008001530                Print::Print()
 .text._ZN12Adafruit_GFXC2Ess
                0x0000000008001558       0x8c CMakeFiles/lab6.dir/home/elkhayder/sec1-tp-mac/lib/tft/Adafruit-GFX-Library/Adafruit_GFX.cpp.obj
                0x0000000008001558                Adafruit_GFX::Adafruit_GFX(short, short)
                0x0000000008001558                Adafruit_GFX::Adafruit_GFX(short, short)
 .text._ZN12Adafruit_GFX9writeLineEsssst
                0x00000000080015e4      0x14a CMakeFiles/lab6.dir/home/elkhayder/sec1-tp-mac/lib/tft/Adafruit-GFX-Library/Adafruit_GFX.cpp.obj
                0x00000000080015e4                Adafruit_GFX::writeLine(short, short, short, short, unsigned short)
 .text._ZN12Adafruit_GFX10startWriteEv
                0x000000000800172e       0x14 CMakeFiles/lab6.dir/home/elkhayder/sec1-tp-mac/lib/tft/Adafruit-GFX-Library/Adafruit_GFX.cpp.obj
                0x000000000800172e                Adafruit_GFX::startWrite()
 .text._ZN12Adafruit_GFX10writePixelEsst
                0x0000000008001742       0x38 CMakeFiles/lab6.dir/home/elkhayder/sec1-tp-mac/lib/tft/Adafruit-GFX-Library/Adafruit_GFX.cpp.obj
                0x0000000008001742                Adafruit_GFX::writePixel(short, short, unsigned short)
 .text._ZN12Adafruit_GFX14writeFastVLineEssst
                0x000000000800177a       0x40 CMakeFiles/lab6.dir/home/elkhayder/sec1-tp-mac/lib/tft/Adafruit-GFX-Library/Adafruit_GFX.cpp.obj
                0x000000000800177a                Adafruit_GFX::writeFastVLine(short, short, short, unsigned short)
 .text._ZN12Adafruit_GFX14writeFastHLineEssst
                0x00000000080017ba       0x40 CMakeFiles/lab6.dir/home/elkhayder/sec1-tp-mac/lib/tft/Adafruit-GFX-Library/Adafruit_GFX.cpp.obj
                0x00000000080017ba                Adafruit_GFX::writeFastHLine(short, short, short, unsigned short)
 .text._ZN12Adafruit_GFX13writeFillRectEsssst
                0x00000000080017fa       0x46 CMakeFiles/lab6.dir/home/elkhayder/sec1-tp-mac/lib/tft/Adafruit-GFX-Library/Adafruit_GFX.cpp.obj
                0x00000000080017fa                Adafruit_GFX::writeFillRect(short, short, short, short, unsigned short)
 .text._ZN12Adafruit_GFX8endWriteEv
                0x0000000008001840       0x14 CMakeFiles/lab6.dir/home/elkhayder/sec1-tp-mac/lib/tft/Adafruit-GFX-Library/Adafruit_GFX.cpp.obj
                0x0000000008001840                Adafruit_GFX::endWrite()
 .text._ZN12Adafruit_GFX13drawFastVLineEssst
                0x0000000008001854       0x6a CMakeFiles/lab6.dir/home/elkhayder/sec1-tp-mac/lib/tft/Adafruit-GFX-Library/Adafruit_GFX.cpp.obj
                0x0000000008001854                Adafruit_GFX::drawFastVLine(short, short, short, unsigned short)
 .text._ZN12Adafruit_GFX13drawFastHLineEssst
                0x00000000080018be       0x68 CMakeFiles/lab6.dir/home/elkhayder/sec1-tp-mac/lib/tft/Adafruit-GFX-Library/Adafruit_GFX.cpp.obj
                0x00000000080018be                Adafruit_GFX::drawFastHLine(short, short, short, unsigned short)
 .text._ZN12Adafruit_GFX8fillRectEsssst
                0x0000000008001926       0x7c CMakeFiles/lab6.dir/home/elkhayder/sec1-tp-mac/lib/tft/Adafruit-GFX-Library/Adafruit_GFX.cpp.obj
                0x0000000008001926                Adafruit_GFX::fillRect(short, short, short, short, unsigned short)
 .text._ZN12Adafruit_GFX10fillScreenEt
                0x00000000080019a2       0x38 CMakeFiles/lab6.dir/home/elkhayder/sec1-tp-mac/lib/tft/Adafruit-GFX-Library/Adafruit_GFX.cpp.obj
                0x00000000080019a2                Adafruit_GFX::fillScreen(unsigned short)
 .text._ZN12Adafruit_GFX8drawLineEsssst
                0x00000000080019da       0xfa CMakeFiles/lab6.dir/home/elkhayder/sec1-tp-mac/lib/tft/Adafruit-GFX-Library/Adafruit_GFX.cpp.obj
                0x00000000080019da                Adafruit_GFX::drawLine(short, short, short, short, unsigned short)
 .text._ZN12Adafruit_GFX8drawRectEsssst
                0x0000000008001ad4       0xc6 CMakeFiles/lab6.dir/home/elkhayder/sec1-tp-mac/lib/tft/Adafruit-GFX-Library/Adafruit_GFX.cpp.obj
                0x0000000008001ad4                Adafruit_GFX::drawRect(short, short, short, short, unsigned short)
 *fill*         0x0000000008001b9a        0x2 
 .text._ZN12Adafruit_GFX8drawCharEsshtth
                0x0000000008001b9c      0x478 CMakeFiles/lab6.dir/home/elkhayder/sec1-tp-mac/lib/tft/Adafruit-GFX-Library/Adafruit_GFX.cpp.obj
                0x0000000008001b9c                Adafruit_GFX::drawChar(short, short, unsigned char, unsigned short, unsigned short, unsigned char)
 .text._ZN12Adafruit_GFX5writeEh
                0x0000000008002014      0x232 CMakeFiles/lab6.dir/home/elkhayder/sec1-tp-mac/lib/tft/Adafruit-GFX-Library/Adafruit_GFX.cpp.obj
                0x0000000008002014                Adafruit_GFX::write(unsigned char)
 .text._ZN12Adafruit_GFX9setCursorEss
                0x0000000008002246       0x28 CMakeFiles/lab6.dir/home/elkhayder/sec1-tp-mac/lib/tft/Adafruit-GFX-Library/Adafruit_GFX.cpp.obj
                0x0000000008002246                Adafruit_GFX::setCursor(short, short)
 .text._ZNK12Adafruit_GFX10getCursorXEv
                0x000000000800226e       0x1a CMakeFiles/lab6.dir/home/elkhayder/sec1-tp-mac/lib/tft/Adafruit-GFX-Library/Adafruit_GFX.cpp.obj
                0x000000000800226e                Adafruit_GFX::getCursorX() const
 .text._ZNK12Adafruit_GFX10getCursorYEv
                0x0000000008002288       0x1a CMakeFiles/lab6.dir/home/elkhayder/sec1-tp-mac/lib/tft/Adafruit-GFX-Library/Adafruit_GFX.cpp.obj
                0x0000000008002288                Adafruit_GFX::getCursorY() const
 .text._ZN12Adafruit_GFX12setTextColorEt
                0x00000000080022a2       0x26 CMakeFiles/lab6.dir/home/elkhayder/sec1-tp-mac/lib/tft/Adafruit-GFX-Library/Adafruit_GFX.cpp.obj
                0x00000000080022a2                Adafruit_GFX::setTextColor(unsigned short)
 .text._ZN12Adafruit_GFX11setRotationEh
                0x00000000080022c8       0x70 CMakeFiles/lab6.dir/home/elkhayder/sec1-tp-mac/lib/tft/Adafruit-GFX-Library/Adafruit_GFX.cpp.obj
                0x00000000080022c8                Adafruit_GFX::setRotation(unsigned char)
 .text._ZN12Adafruit_GFX7setFontEPK7GFXfont
                0x0000000008002338       0x58 CMakeFiles/lab6.dir/home/elkhayder/sec1-tp-mac/lib/tft/Adafruit-GFX-Library/Adafruit_GFX.cpp.obj
                0x0000000008002338                Adafruit_GFX::setFont(GFXfont const*)
 .text._ZNK12Adafruit_GFX5widthEv
                0x0000000008002390       0x1a CMakeFiles/lab6.dir/home/elkhayder/sec1-tp-mac/lib/tft/Adafruit-GFX-Library/Adafruit_GFX.cpp.obj
                0x0000000008002390                Adafruit_GFX::width() const
 .text._ZNK12Adafruit_GFX6heightEv
                0x00000000080023aa       0x1a CMakeFiles/lab6.dir/home/elkhayder/sec1-tp-mac/lib/tft/Adafruit-GFX-Library/Adafruit_GFX.cpp.obj
                0x00000000080023aa                Adafruit_GFX::height() const
 .text._ZN12Adafruit_GFX13invertDisplayEb
                0x00000000080023c4       0x18 CMakeFiles/lab6.dir/home/elkhayder/sec1-tp-mac/lib/tft/Adafruit-GFX-Library/Adafruit_GFX.cpp.obj
                0x00000000080023c4                Adafruit_GFX::invertDisplay(bool)
 .text._ZN10GFXcanvas19drawPixelEsst
                0x00000000080023dc      0x15a CMakeFiles/lab6.dir/home/elkhayder/sec1-tp-mac/lib/tft/Adafruit-GFX-Library/Adafruit_GFX.cpp.obj
                0x00000000080023dc                GFXcanvas1::drawPixel(short, short, unsigned short)
 .text._ZN10GFXcanvas110fillScreenEt
                0x0000000008002536       0x54 CMakeFiles/lab6.dir/home/elkhayder/sec1-tp-mac/lib/tft/Adafruit-GFX-Library/Adafruit_GFX.cpp.obj
                0x0000000008002536                GFXcanvas1::fillScreen(unsigned short)
 .text._ZN10GFXcanvas89drawPixelEsst
                0x000000000800258a       0xf8 CMakeFiles/lab6.dir/home/elkhayder/sec1-tp-mac/lib/tft/Adafruit-GFX-Library/Adafruit_GFX.cpp.obj
                0x000000000800258a                GFXcanvas8::drawPixel(short, short, unsigned short)
 .text._ZN10GFXcanvas810fillScreenEt
                0x0000000008002682       0x3a CMakeFiles/lab6.dir/home/elkhayder/sec1-tp-mac/lib/tft/Adafruit-GFX-Library/Adafruit_GFX.cpp.obj
                0x0000000008002682                GFXcanvas8::fillScreen(unsigned short)
 .text._ZN10GFXcanvas814writeFastHLineEssst
                0x00000000080026bc      0x13a CMakeFiles/lab6.dir/home/elkhayder/sec1-tp-mac/lib/tft/Adafruit-GFX-Library/Adafruit_GFX.cpp.obj
                0x00000000080026bc                GFXcanvas8::writeFastHLine(short, short, short, unsigned short)
 .text._ZN11GFXcanvas169drawPixelEsst
                0x00000000080027f6       0xf8 CMakeFiles/lab6.dir/home/elkhayder/sec1-tp-mac/lib/tft/Adafruit-GFX-Library/Adafruit_GFX.cpp.obj
                0x00000000080027f6                GFXcanvas16::drawPixel(short, short, unsigned short)
 .text._ZN11GFXcanvas1610fillScreenEt
                0x00000000080028ee       0x88 CMakeFiles/lab6.dir/home/elkhayder/sec1-tp-mac/lib/tft/Adafruit-GFX-Library/Adafruit_GFX.cpp.obj
                0x00000000080028ee                GFXcanvas16::fillScreen(unsigned short)
 .text._ZN15Adafruit_SPITFT10writePixelEt
                0x0000000008002976       0x2c CMakeFiles/lab6.dir/home/elkhayder/sec1-tp-mac/lib/tft/Adafruit-GFX-Library/Adafruit_SPITFT.cpp.obj
                0x0000000008002976                Adafruit_SPITFT::writePixel(unsigned short)
 *fill*         0x00000000080029a2        0x2 
 .text._ZN15Adafruit_SPITFTC2Ett
                0x00000000080029a4       0x50 CMakeFiles/lab6.dir/home/elkhayder/sec1-tp-mac/lib/tft/Adafruit-GFX-Library/Adafruit_SPITFT.cpp.obj
                0x00000000080029a4                Adafruit_SPITFT::Adafruit_SPITFT(unsigned short, unsigned short)
                0x00000000080029a4                Adafruit_SPITFT::Adafruit_SPITFT(unsigned short, unsigned short)
 .text._ZN15Adafruit_SPITFT7initSPIEm
                0x00000000080029f4       0x30 CMakeFiles/lab6.dir/home/elkhayder/sec1-tp-mac/lib/tft/Adafruit-GFX-Library/Adafruit_SPITFT.cpp.obj
                0x00000000080029f4                Adafruit_SPITFT::initSPI(unsigned long)
 .text._ZN15Adafruit_SPITFT8spiWriteEh
                0x0000000008002a24       0x1c CMakeFiles/lab6.dir/home/elkhayder/sec1-tp-mac/lib/tft/Adafruit-GFX-Library/Adafruit_SPITFT.cpp.obj
                0x0000000008002a24                Adafruit_SPITFT::spiWrite(unsigned char)
 .text._ZN15Adafruit_SPITFT10startWriteEv
                0x0000000008002a40       0x1e CMakeFiles/lab6.dir/home/elkhayder/sec1-tp-mac/lib/tft/Adafruit-GFX-Library/Adafruit_SPITFT.cpp.obj
                0x0000000008002a40                Adafruit_SPITFT::startWrite()
 .text._ZN15Adafruit_SPITFT8endWriteEv
                0x0000000008002a5e       0x1c CMakeFiles/lab6.dir/home/elkhayder/sec1-tp-mac/lib/tft/Adafruit-GFX-Library/Adafruit_SPITFT.cpp.obj
                0x0000000008002a5e                Adafruit_SPITFT::endWrite()
 .text._ZN15Adafruit_SPITFT12writeCommandEh
                0x0000000008002a7a       0x32 CMakeFiles/lab6.dir/home/elkhayder/sec1-tp-mac/lib/tft/Adafruit-GFX-Library/Adafruit_SPITFT.cpp.obj
                0x0000000008002a7a                Adafruit_SPITFT::writeCommand(unsigned char)
 .text._ZN15Adafruit_SPITFT10writeColorEtm
                0x0000000008002aac       0x44 CMakeFiles/lab6.dir/home/elkhayder/sec1-tp-mac/lib/tft/Adafruit-GFX-Library/Adafruit_SPITFT.cpp.obj
                0x0000000008002aac                Adafruit_SPITFT::writeColor(unsigned short, unsigned long)
 .text._ZN15Adafruit_SPITFT10writePixelEsst
                0x0000000008002af0       0x70 CMakeFiles/lab6.dir/home/elkhayder/sec1-tp-mac/lib/tft/Adafruit-GFX-Library/Adafruit_SPITFT.cpp.obj
                0x0000000008002af0                Adafruit_SPITFT::writePixel(short, short, unsigned short)
 .text._ZN15Adafruit_SPITFT13writeFillRectEsssst
                0x0000000008002b60      0x106 CMakeFiles/lab6.dir/home/elkhayder/sec1-tp-mac/lib/tft/Adafruit-GFX-Library/Adafruit_SPITFT.cpp.obj
                0x0000000008002b60                Adafruit_SPITFT::writeFillRect(short, short, short, short, unsigned short)
 .text._ZN15Adafruit_SPITFT14writeFastVLineEssst
                0x0000000008002c66       0x42 CMakeFiles/lab6.dir/home/elkhayder/sec1-tp-mac/lib/tft/Adafruit-GFX-Library/Adafruit_SPITFT.cpp.obj
                0x0000000008002c66                Adafruit_SPITFT::writeFastVLine(short, short, short, unsigned short)
 .text._ZN15Adafruit_SPITFT14writeFastHLineEssst
                0x0000000008002ca8       0x44 CMakeFiles/lab6.dir/home/elkhayder/sec1-tp-mac/lib/tft/Adafruit-GFX-Library/Adafruit_SPITFT.cpp.obj
                0x0000000008002ca8                Adafruit_SPITFT::writeFastHLine(short, short, short, unsigned short)
 .text._ZN15Adafruit_SPITFT9drawPixelEsst
                0x0000000008002cec       0x50 CMakeFiles/lab6.dir/home/elkhayder/sec1-tp-mac/lib/tft/Adafruit-GFX-Library/Adafruit_SPITFT.cpp.obj
                0x0000000008002cec                Adafruit_SPITFT::drawPixel(short, short, unsigned short)
 .text._ZN15Adafruit_SPITFT13drawFastVLineEssst
                0x0000000008002d3c       0x58 CMakeFiles/lab6.dir/home/elkhayder/sec1-tp-mac/lib/tft/Adafruit-GFX-Library/Adafruit_SPITFT.cpp.obj
                0x0000000008002d3c                Adafruit_SPITFT::drawFastVLine(short, short, short, unsigned short)
 .text._ZN15Adafruit_SPITFT13drawFastHLineEssst
                0x0000000008002d94       0x58 CMakeFiles/lab6.dir/home/elkhayder/sec1-tp-mac/lib/tft/Adafruit-GFX-Library/Adafruit_SPITFT.cpp.obj
                0x0000000008002d94                Adafruit_SPITFT::drawFastHLine(short, short, short, unsigned short)
 .text._ZN15Adafruit_SPITFT8fillRectEsssst
                0x0000000008002dec       0x5e CMakeFiles/lab6.dir/home/elkhayder/sec1-tp-mac/lib/tft/Adafruit-GFX-Library/Adafruit_SPITFT.cpp.obj
                0x0000000008002dec                Adafruit_SPITFT::fillRect(short, short, short, short, unsigned short)
 .text._ZN15Adafruit_SPITFT13invertDisplayEb
                0x0000000008002e4a       0x48 CMakeFiles/lab6.dir/home/elkhayder/sec1-tp-mac/lib/tft/Adafruit-GFX-Library/Adafruit_SPITFT.cpp.obj
                0x0000000008002e4a                Adafruit_SPITFT::invertDisplay(bool)
 *fill*         0x0000000008002e92        0x2 
 .text._ZN15Adafruit_ST77355initREh
                0x0000000008002e94      0x11c CMakeFiles/lab6.dir/home/elkhayder/sec1-tp-mac/lib/tft/Adafruit-ST7735-Library/Adafruit_ST7735.cpp.obj
                0x0000000008002e94                Adafruit_ST7735::initR(unsigned char)
 .text._ZN15Adafruit_ST773511setRotationEh
                0x0000000008002fb0      0x248 CMakeFiles/lab6.dir/home/elkhayder/sec1-tp-mac/lib/tft/Adafruit-ST7735-Library/Adafruit_ST7735.cpp.obj
                0x0000000008002fb0                Adafruit_ST7735::setRotation(unsigned char)
 .text._ZN15Adafruit_ST77xxC2Ev
                0x00000000080031f8       0x38 CMakeFiles/lab6.dir/home/elkhayder/sec1-tp-mac/lib/tft/Adafruit-ST7735-Library/Adafruit_ST77xx.cpp.obj
                0x00000000080031f8                Adafruit_ST77xx::Adafruit_ST77xx()
                0x00000000080031f8                Adafruit_ST77xx::Adafruit_ST77xx()
 .text._ZN15Adafruit_ST77xx11displayInitEPKh
                0x0000000008003230       0xee CMakeFiles/lab6.dir/home/elkhayder/sec1-tp-mac/lib/tft/Adafruit-ST7735-Library/Adafruit_ST77xx.cpp.obj
                0x0000000008003230                Adafruit_ST77xx::displayInit(unsigned char const*)
 *fill*         0x000000000800331e        0x2 
 .text._ZN15Adafruit_ST77xx5beginEm
                0x0000000008003320       0x40 CMakeFiles/lab6.dir/home/elkhayder/sec1-tp-mac/lib/tft/Adafruit-ST7735-Library/Adafruit_ST77xx.cpp.obj
                0x0000000008003320                Adafruit_ST77xx::begin(unsigned long)
 .text._ZN15Adafruit_ST77xx10commonInitEPKh
                0x0000000008003360       0x2e CMakeFiles/lab6.dir/home/elkhayder/sec1-tp-mac/lib/tft/Adafruit-ST7735-Library/Adafruit_ST77xx.cpp.obj
                0x0000000008003360                Adafruit_ST77xx::commonInit(unsigned char const*)
 .text._ZN15Adafruit_ST77xx13setAddrWindowEtttt
                0x000000000800338e       0xd8 CMakeFiles/lab6.dir/home/elkhayder/sec1-tp-mac/lib/tft/Adafruit-ST7735-Library/Adafruit_ST77xx.cpp.obj
                0x000000000800338e                Adafruit_ST77xx::setAddrWindow(unsigned short, unsigned short, unsigned short, unsigned short)
 *fill*         0x0000000008003466        0x2 
 .text._ZN15Adafruit_ST77xx11setRotationEh
                0x0000000008003468       0xf0 CMakeFiles/lab6.dir/home/elkhayder/sec1-tp-mac/lib/tft/Adafruit-ST7735-Library/Adafruit_ST77xx.cpp.obj
                0x0000000008003468                Adafruit_ST77xx::setRotation(unsigned char)
 .text.Reset_Handler
                0x0000000008003558       0x70 CMakeFiles/lab6.dir/home/elkhayder/sec1-tp-mac/sys/startup_ARMCM4.c.obj
                0x0000000008003558                Reset_Handler
 .text.Default_Handler
                0x00000000080035c8        0x6 CMakeFiles/lab6.dir/home/elkhayder/sec1-tp-mac/sys/startup_ARMCM4.c.obj
                0x00000000080035c8                RTC_Alarm_IRQHandler
                0x00000000080035c8                DebugMon_Handler
                0x00000000080035c8                TIM1_CC_IRQHandler
                0x00000000080035c8                HardFault_Handler
                0x00000000080035c8                SysTick_Handler
                0x00000000080035c8                PVD_IRQHandler
                0x00000000080035c8                TAMP_STAMP_IRQHandler
                0x00000000080035c8                PendSV_Handler
                0x00000000080035c8                NMI_Handler
                0x00000000080035c8                EXTI3_IRQHandler
                0x00000000080035c8                FPU_IRQHandler
                0x00000000080035c8                CAN_TX_IRQHandler
                0x00000000080035c8                TIM1_UP_TIM16_IRQHandler
                0x00000000080035c8                UsageFault_Handler
                0x00000000080035c8                ADC1_2_IRQHandler
                0x00000000080035c8                SPI1_IRQHandler
                0x00000000080035c8                CAN_SCE_IRQHandler
                0x00000000080035c8                DMA1_Channel4_IRQHandler
                0x00000000080035c8                USART3_IRQHandler
                0x00000000080035c8                DMA1_Channel7_IRQHandler
                0x00000000080035c8                TIM7_DAC2_IRQHandler
                0x00000000080035c8                CAN_RX1_IRQHandler
                0x00000000080035c8                I2C1_EV_IRQHandler
                0x00000000080035c8                DMA1_Channel6_IRQHandler
                0x00000000080035c8                TIM3_IRQHandler
                0x00000000080035c8                RCC_IRQHandler
                0x00000000080035c8                DMA1_Channel1_IRQHandler
                0x00000000080035c8                Default_Handler
                0x00000000080035c8                EXTI15_10_IRQHandler
                0x00000000080035c8                COMP2_IRQHandler
                0x00000000080035c8                EXTI9_5_IRQHandler
                0x00000000080035c8                RTC_WKUP_IRQHandler
                0x00000000080035c8                MemManage_Handler
                0x00000000080035c8                SVC_Handler
                0x00000000080035c8                DMA1_Channel5_IRQHandler
                0x00000000080035c8                EXTI4_IRQHandler
                0x00000000080035c8                TIM1_TRG_COM_TIM17_IRQHandler
                0x00000000080035c8                DMA1_Channel3_IRQHandler
                0x00000000080035c8                WWDG_IRQHandler
                0x00000000080035c8                TIM2_IRQHandler
                0x00000000080035c8                COMP4_6_IRQHandler
                0x00000000080035c8                USART2_IRQHandler
                0x00000000080035c8                DMA1_Channel2_IRQHandler
                0x00000000080035c8                FLASH_IRQHandler
                0x00000000080035c8                BusFault_Handler
                0x00000000080035c8                USART1_IRQHandler
                0x00000000080035c8                CAN_RX0_IRQHandler
                0x00000000080035c8                I2C1_ER_IRQHandler
                0x00000000080035c8                EXTI2_TSC_IRQHandler
                0x00000000080035c8                TIM1_BRK_TIM15_IRQHandler
 *fill*         0x00000000080035ce        0x2 
 .text.SystemInit
                0x00000000080035d0       0x88 CMakeFiles/lab6.dir/home/elkhayder/sec1-tp-mac/sys/startup_clock.c.obj
                0x00000000080035d0                SystemInit
 .text.__cxa_pure_virtual
                0x0000000008003658        0x6 /usr/share/gcc-arm-none-eabi-10.3-2021.10/bin/../lib/gcc/arm-none-eabi/10.3.1/../../../../arm-none-eabi/lib/thumb/v7e-m+fp/hard/libstdc++_nano.a(pure.o)
                0x0000000008003658                __cxa_pure_virtual
 .text._ZN10__cxxabiv111__terminateEPFvvE
                0x000000000800365e        0x8 /usr/share/gcc-arm-none-eabi-10.3-2021.10/bin/../lib/gcc/arm-none-eabi/10.3.1/../../../../arm-none-eabi/lib/thumb/v7e-m+fp/hard/libstdc++_nano.a(eh_terminate.o)
                0x000000000800365e                __cxxabiv1::__terminate(void (*)())
 *fill*         0x0000000008003666        0x2 
 .text._ZSt13get_terminatev
                0x0000000008003668       0x10 /usr/share/gcc-arm-none-eabi-10.3-2021.10/bin/../lib/gcc/arm-none-eabi/10.3.1/../../../../arm-none-eabi/lib/thumb/v7e-m+fp/hard/libstdc++_nano.a(eh_terminate.o)
                0x0000000008003668                std::get_terminate()
 .text._ZSt9terminatev
                0x0000000008003678        0xa /usr/share/gcc-arm-none-eabi-10.3-2021.10/bin/../lib/gcc/arm-none-eabi/10.3.1/../../../../arm-none-eabi/lib/thumb/v7e-m+fp/hard/libstdc++_nano.a(eh_terminate.o)
                0x0000000008003678                std::terminate()
 *fill*         0x0000000008003682        0x2 
 .text          0x0000000008003684      0x9d8 /usr/share/gcc-arm-none-eabi-10.3-2021.10/bin/../lib/gcc/arm-none-eabi/10.3.1/thumb/v7e-m+fp/hard/libgcc.a(unwind-arm.o)
                0x000000000800392c                _Unwind_GetCFA
                0x0000000008003930                __gnu_Unwind_RaiseException
                0x0000000008003998                __gnu_Unwind_ForcedUnwind
                0x00000000080039a8                __gnu_Unwind_Resume
                0x00000000080039ec                __gnu_Unwind_Resume_or_Rethrow
                0x00000000080039fc                _Unwind_Complete
                0x0000000008003a00                _Unwind_DeleteException
                0x0000000008003a0c                _Unwind_VRS_Get
                0x0000000008003a58                _Unwind_VRS_Set
                0x0000000008003aa0                __gnu_Unwind_Backtrace
                0x0000000008003dcc                __aeabi_unwind_cpp_pr0
                0x0000000008003dd0                __aeabi_unwind_cpp_pr1
                0x0000000008003dd4                __aeabi_unwind_cpp_pr2
                0x0000000008003dd8                _Unwind_VRS_Pop
 .text          0x000000000800405c      0x1ac /usr/share/gcc-arm-none-eabi-10.3-2021.10/bin/../lib/gcc/arm-none-eabi/10.3.1/thumb/v7e-m+fp/hard/libgcc.a(libunwind.o)
                0x000000000800405c                __restore_core_regs
                0x000000000800405c                restore_core_regs
                0x0000000008004074                __gnu_Unwind_Restore_VFP
                0x000000000800407c                __gnu_Unwind_Save_VFP
                0x0000000008004084                __gnu_Unwind_Restore_VFP_D
                0x000000000800408c                __gnu_Unwind_Save_VFP_D
                0x0000000008004094                __gnu_Unwind_Restore_VFP_D_16_to_31
                0x000000000800409c                __gnu_Unwind_Save_VFP_D_16_to_31
                0x00000000080040a4                __gnu_Unwind_Restore_WMMXD
                0x00000000080040e8                __gnu_Unwind_Save_WMMXD
                0x000000000800412c                __gnu_Unwind_Restore_WMMXC
                0x0000000008004140                __gnu_Unwind_Save_WMMXC
                0x0000000008004154                ___Unwind_RaiseException
                0x0000000008004154                _Unwind_RaiseException
                0x0000000008004178                ___Unwind_Resume
                0x0000000008004178                _Unwind_Resume
                0x000000000800419c                _Unwind_Resume_or_Rethrow
                0x000000000800419c                ___Unwind_Resume_or_Rethrow
                0x00000000080041c0                ___Unwind_ForcedUnwind
                0x00000000080041c0                _Unwind_ForcedUnwind
                0x00000000080041e4                _Unwind_Backtrace
                0x00000000080041e4                ___Unwind_Backtrace
 .text          0x0000000008004208      0x350 /usr/share/gcc-arm-none-eabi-10.3-2021.10/bin/../lib/gcc/arm-none-eabi/10.3.1/thumb/v7e-m+fp/hard/libgcc.a(pr-support.o)
                0x0000000008004260                __gnu_unwind_execute
                0x000000000800450c                __gnu_unwind_frame
                0x0000000008004538                _Unwind_GetRegionStart
                0x0000000008004544                _Unwind_GetLanguageSpecificData
 .text.abort    0x0000000008004558       0x10 /usr/share/gcc-arm-none-eabi-10.3-2021.10/bin/../lib/gcc/arm-none-eabi/10.3.1/../../../../arm-none-eabi/lib/thumb/v7e-m+fp/hard/libc.a(lib_a-abort.o)
                0x0000000008004558                abort
 .text.exit     0x0000000008004568       0x20 /usr/share/gcc-arm-none-eabi-10.3-2021.10/bin/../lib/gcc/arm-none-eabi/10.3.1/../../../../arm-none-eabi/lib/thumb/v7e-m+fp/hard/libc.a(lib_a-exit.o)
                0x0000000008004568                exit
 .text.__libc_init_array
                0x0000000008004588       0x48 /usr/share/gcc-arm-none-eabi-10.3-2021.10/bin/../lib/gcc/arm-none-eabi/10.3.1/../../../../arm-none-eabi/lib/thumb/v7e-m+fp/hard/libc.a(lib_a-init.o)
                0x0000000008004588                __libc_init_array
 .text          0x00000000080045d0      0x134 /usr/share/gcc-arm-none-eabi-10.3-2021.10/bin/../lib/gcc/arm-none-eabi/10.3.1/../../../../arm-none-eabi/lib/thumb/v7e-m+fp/hard/libc.a(lib_a-memcpy.o)
                0x00000000080045d0                memcpy
 .text.memset   0x0000000008004704       0xa4 /usr/share/gcc-arm-none-eabi-10.3-2021.10/bin/../lib/gcc/arm-none-eabi/10.3.1/../../../../arm-none-eabi/lib/thumb/v7e-m+fp/hard/libc.a(lib_a-memset.o)
                0x0000000008004704                memset
 .text.raise    0x00000000080047a8       0x5c /usr/share/gcc-arm-none-eabi-10.3-2021.10/bin/../lib/gcc/arm-none-eabi/10.3.1/../../../../arm-none-eabi/lib/thumb/v7e-m+fp/hard/libc.a(lib_a-signal.o)
                0x00000000080047a8                raise
 .text._kill_r  0x0000000008004804       0x2c /usr/share/gcc-arm-none-eabi-10.3-2021.10/bin/../lib/gcc/arm-none-eabi/10.3.1/../../../../arm-none-eabi/lib/thumb/v7e-m+fp/hard/libc.a(lib_a-signalr.o)
                0x0000000008004804                _kill_r
 .text._getpid_r
                0x0000000008004830        0x4 /usr/share/gcc-arm-none-eabi-10.3-2021.10/bin/../lib/gcc/arm-none-eabi/10.3.1/../../../../arm-none-eabi/lib/thumb/v7e-m+fp/hard/libc.a(lib_a-signalr.o)
                0x0000000008004830                _getpid_r
 *fill*         0x0000000008004834        0xc 
 .text          0x0000000008004840       0xdc /usr/share/gcc-arm-none-eabi-10.3-2021.10/bin/../lib/gcc/arm-none-eabi/10.3.1/../../../../arm-none-eabi/lib/thumb/v7e-m+fp/hard/libc.a(lib_a-strlen.o)
                0x0000000008004840                strlen
 .text.startup.register_fini
                0x000000000800491c       0x14 /usr/share/gcc-arm-none-eabi-10.3-2021.10/bin/../lib/gcc/arm-none-eabi/10.3.1/../../../../arm-none-eabi/lib/thumb/v7e-m+fp/hard/libc.a(lib_a-__call_atexit.o)
 .text.__call_exitprocs
                0x0000000008004930       0xcc /usr/share/gcc-arm-none-eabi-10.3-2021.10/bin/../lib/gcc/arm-none-eabi/10.3.1/../../../../arm-none-eabi/lib/thumb/v7e-m+fp/hard/libc.a(lib_a-__call_atexit.o)
                0x0000000008004930                __call_exitprocs
 .text.atexit   0x00000000080049fc        0xc /usr/share/gcc-arm-none-eabi-10.3-2021.10/bin/../lib/gcc/arm-none-eabi/10.3.1/../../../../arm-none-eabi/lib/thumb/v7e-m+fp/hard/libc.a(lib_a-atexit.o)
                0x00000000080049fc                atexit
 .text.__libc_fini_array
                0x0000000008004a08       0x2c /usr/share/gcc-arm-none-eabi-10.3-2021.10/bin/../lib/gcc/arm-none-eabi/10.3.1/../../../../arm-none-eabi/lib/thumb/v7e-m+fp/hard/libc.a(lib_a-fini.o)
                0x0000000008004a08                __libc_fini_array
 .text.__retarget_lock_acquire_recursive
                0x0000000008004a34        0x4 /usr/share/gcc-arm-none-eabi-10.3-2021.10/bin/../lib/gcc/arm-none-eabi/10.3.1/../../../../arm-none-eabi/lib/thumb/v7e-m+fp/hard/libc.a(lib_a-lock.o)
                0x0000000008004a34                __retarget_lock_acquire_recursive
 .text.__retarget_lock_release_recursive
                0x0000000008004a38        0x4 /usr/share/gcc-arm-none-eabi-10.3-2021.10/bin/../lib/gcc/arm-none-eabi/10.3.1/../../../../arm-none-eabi/lib/thumb/v7e-m+fp/hard/libc.a(lib_a-lock.o)
                0x0000000008004a38                __retarget_lock_release_recursive
 .text.__register_exitproc
                0x0000000008004a3c       0x8c /usr/share/gcc-arm-none-eabi-10.3-2021.10/bin/../lib/gcc/arm-none-eabi/10.3.1/../../../../arm-none-eabi/lib/thumb/v7e-m+fp/hard/libc.a(lib_a-__atexit.o)
                0x0000000008004a3c                __register_exitproc
 .text._getpid  0x0000000008004ac8       0x10 /usr/share/gcc-arm-none-eabi-10.3-2021.10/bin/../lib/gcc/arm-none-eabi/10.3.1/../../../../arm-none-eabi/lib/thumb/v7e-m+fp/hard/libnosys.a(getpid.o)
                0x0000000008004ac8                _getpid
 .text._kill    0x0000000008004ad8       0x10 /usr/share/gcc-arm-none-eabi-10.3-2021.10/bin/../lib/gcc/arm-none-eabi/10.3.1/../../../../arm-none-eabi/lib/thumb/v7e-m+fp/hard/libnosys.a(kill.o)
                0x0000000008004ad8                _kill
 .text._exit    0x0000000008004ae8        0x4 /usr/share/gcc-arm-none-eabi-10.3-2021.10/bin/../lib/gcc/arm-none-eabi/10.3.1/../../../../arm-none-eabi/lib/thumb/v7e-m+fp/hard/libnosys.a(_exit.o)
                0x0000000008004ae8                _exit
 *(.init)
 .init          0x0000000008004aec        0x4 /usr/share/gcc-arm-none-eabi-10.3-2021.10/bin/../lib/gcc/arm-none-eabi/10.3.1/thumb/v7e-m+fp/hard/crti.o
                0x0000000008004aec                _init
 .init          0x0000000008004af0        0x8 /usr/share/gcc-arm-none-eabi-10.3-2021.10/bin/../lib/gcc/arm-none-eabi/10.3.1/thumb/v7e-m+fp/hard/crtn.o
 *(.fini)
 .fini          0x0000000008004af8        0x4 /usr/share/gcc-arm-none-eabi-10.3-2021.10/bin/../lib/gcc/arm-none-eabi/10.3.1/thumb/v7e-m+fp/hard/crti.o
                0x0000000008004af8                _fini
 .fini          0x0000000008004afc        0x8 /usr/share/gcc-arm-none-eabi-10.3-2021.10/bin/../lib/gcc/arm-none-eabi/10.3.1/thumb/v7e-m+fp/hard/crtn.o
 *crtbegin.o(.ctors)
 *crtbegin?.o(.ctors)
 *(EXCLUDE_FILE(*crtend.o *crtend?.o) .ctors)
 *(SORT_BY_NAME(.ctors.*))
 *(.ctors)
 *crtbegin.o(.dtors)
 *crtbegin?.o(.dtors)
 *(EXCLUDE_FILE(*crtend.o *crtend?.o) .dtors)
 *(SORT_BY_NAME(.dtors.*))
 *(.dtors)
 *(.rodata*)
 .rodata        0x0000000008004b04       0x42 CMakeFiles/lab6.dir/main.cpp.obj
 *fill*         0x0000000008004b46        0x2 
 .rodata        0x0000000008004b48       0x10 CMakeFiles/lab6.dir/home/elkhayder/sec1-tp-mac/lib/exti.c.obj
 .rodata        0x0000000008004b58      0x524 CMakeFiles/lab6.dir/home/elkhayder/sec1-tp-mac/lib/tft/tft.cpp.obj
 .rodata._ZTV3tft
                0x000000000800507c       0x58 CMakeFiles/lab6.dir/home/elkhayder/sec1-tp-mac/lib/tft/tft.cpp.obj
                0x000000000800507c                vtable for tft
 .rodata        0x00000000080050d4       0x24 CMakeFiles/lab6.dir/home/elkhayder/sec1-tp-mac/lib/tft/arduinoCore/Print.cpp.obj
                0x00000000080050e8                vtable for Print
 .rodata        0x00000000080050f8      0x640 CMakeFiles/lab6.dir/home/elkhayder/sec1-tp-mac/lib/tft/Adafruit-GFX-Library/Adafruit_GFX.cpp.obj
                0x00000000080055f8                vtable for GFXcanvas16
                0x0000000008005648                vtable for GFXcanvas8
                0x0000000008005698                vtable for GFXcanvas1
                0x00000000080056e8                vtable for Adafruit_GFX
 .rodata        0x0000000008005738       0x58 CMakeFiles/lab6.dir/home/elkhayder/sec1-tp-mac/lib/tft/Adafruit-GFX-Library/Adafruit_SPITFT.cpp.obj
                0x0000000008005738                vtable for Adafruit_SPITFT
 .rodata        0x0000000008005790      0x168 CMakeFiles/lab6.dir/home/elkhayder/sec1-tp-mac/lib/tft/Adafruit-ST7735-Library/Adafruit_ST7735.cpp.obj
                0x00000000080058a0                vtable for Adafruit_ST7735
 .rodata        0x00000000080058f8       0x58 CMakeFiles/lab6.dir/home/elkhayder/sec1-tp-mac/lib/tft/Adafruit-ST7735-Library/Adafruit_ST77xx.cpp.obj
                0x00000000080058f8                vtable for Adafruit_ST77xx
 .rodata._global_impure_ptr
                0x0000000008005950        0x4 /usr/share/gcc-arm-none-eabi-10.3-2021.10/bin/../lib/gcc/arm-none-eabi/10.3.1/../../../../arm-none-eabi/lib/thumb/v7e-m+fp/hard/libc.a(lib_a-impure.o)
                0x0000000008005950                _global_impure_ptr
 *(.eh_frame*)
 .eh_frame      0x0000000008005954        0x0 /usr/share/gcc-arm-none-eabi-10.3-2021.10/bin/../lib/gcc/arm-none-eabi/10.3.1/thumb/v7e-m+fp/hard/crtbegin.o
 .eh_frame      0x0000000008005954        0x4 /usr/share/gcc-arm-none-eabi-10.3-2021.10/bin/../lib/gcc/arm-none-eabi/10.3.1/thumb/v7e-m+fp/hard/crtend.o

.glue_7         0x0000000008005958        0x0
 .glue_7        0x0000000008005958        0x0 linker stubs

.glue_7t        0x0000000008005958        0x0
 .glue_7t       0x0000000008005958        0x0 linker stubs

.vfp11_veneer   0x0000000008005958        0x0
 .vfp11_veneer  0x0000000008005958        0x0 linker stubs

.v4_bx          0x0000000008005958        0x0
 .v4_bx         0x0000000008005958        0x0 linker stubs

.iplt           0x0000000008005958        0x0
 .iplt          0x0000000008005958        0x0 /usr/share/gcc-arm-none-eabi-10.3-2021.10/bin/../lib/gcc/arm-none-eabi/10.3.1/thumb/v7e-m+fp/hard/crtbegin.o

.ARM.extab      0x0000000008005958      0x2b8
 *(.ARM.extab* .gnu.linkonce.armextab.*)
 .ARM.extab.text.main
                0x0000000008005958        0xc CMakeFiles/lab6.dir/main.cpp.obj
 .ARM.extab.text._ZN15Adafruit_ST7735C2Ev
                0x0000000008005964        0xc CMakeFiles/lab6.dir/home/elkhayder/sec1-tp-mac/lib/tft/tft.cpp.obj
 .ARM.extab.text._ZN3tftC2Ev
                0x0000000008005970        0xc CMakeFiles/lab6.dir/home/elkhayder/sec1-tp-mac/lib/tft/tft.cpp.obj
 .ARM.extab.text._ZN3tft5eraseEv
                0x000000000800597c        0xc CMakeFiles/lab6.dir/home/elkhayder/sec1-tp-mac/lib/tft/tft.cpp.obj
 .ARM.extab.text._ZN3tft5setupEv
                0x0000000008005988        0xc CMakeFiles/lab6.dir/home/elkhayder/sec1-tp-mac/lib/tft/tft.cpp.obj
 .ARM.extab.text._ZN3tft13setTextCursorEjj
                0x0000000008005994        0xc CMakeFiles/lab6.dir/home/elkhayder/sec1-tp-mac/lib/tft/tft.cpp.obj
 .ARM.extab.text._ZN3tft12getTextWidthEv
                0x00000000080059a0        0xc CMakeFiles/lab6.dir/home/elkhayder/sec1-tp-mac/lib/tft/tft.cpp.obj
 .ARM.extab.text._ZN3tft13getTextHeightEv
                0x00000000080059ac        0xc CMakeFiles/lab6.dir/home/elkhayder/sec1-tp-mac/lib/tft/tft.cpp.obj
 .ARM.extab.text._ZN3tft9eraseTextEj
                0x00000000080059b8        0xc CMakeFiles/lab6.dir/home/elkhayder/sec1-tp-mac/lib/tft/tft.cpp.obj
 .ARM.extab.text._ZN5Print5writeEPKc
                0x00000000080059c4        0xc CMakeFiles/lab6.dir/home/elkhayder/sec1-tp-mac/lib/tft/arduinoCore/Print.cpp.obj
 .ARM.extab.text._ZN5Print5writeEPKhj
                0x00000000080059d0        0xc CMakeFiles/lab6.dir/home/elkhayder/sec1-tp-mac/lib/tft/arduinoCore/Print.cpp.obj
 .ARM.extab.text._ZN5Print5printEPKc
                0x00000000080059dc        0xc CMakeFiles/lab6.dir/home/elkhayder/sec1-tp-mac/lib/tft/arduinoCore/Print.cpp.obj
 .ARM.extab.text._ZN5Print5printEc
                0x00000000080059e8        0xc CMakeFiles/lab6.dir/home/elkhayder/sec1-tp-mac/lib/tft/arduinoCore/Print.cpp.obj
 .ARM.extab.text._ZN5Print5printEii
                0x00000000080059f4        0xc CMakeFiles/lab6.dir/home/elkhayder/sec1-tp-mac/lib/tft/arduinoCore/Print.cpp.obj
 .ARM.extab.text._ZN5Print5printEli
                0x0000000008005a00        0xc CMakeFiles/lab6.dir/home/elkhayder/sec1-tp-mac/lib/tft/arduinoCore/Print.cpp.obj
 .ARM.extab.text._ZN5Print7printlnEv
                0x0000000008005a0c        0xc CMakeFiles/lab6.dir/home/elkhayder/sec1-tp-mac/lib/tft/arduinoCore/Print.cpp.obj
 .ARM.extab.text._ZN5Print7printlnEPKc
                0x0000000008005a18        0xc CMakeFiles/lab6.dir/home/elkhayder/sec1-tp-mac/lib/tft/arduinoCore/Print.cpp.obj
 .ARM.extab.text._ZN5Print7printlnEii
                0x0000000008005a24        0xc CMakeFiles/lab6.dir/home/elkhayder/sec1-tp-mac/lib/tft/arduinoCore/Print.cpp.obj
 .ARM.extab.text._ZN5Print11printNumberEmh
                0x0000000008005a30        0xc CMakeFiles/lab6.dir/home/elkhayder/sec1-tp-mac/lib/tft/arduinoCore/Print.cpp.obj
 .ARM.extab.text._ZN5PrintC2Ev
                0x0000000008005a3c        0x0 CMakeFiles/lab6.dir/home/elkhayder/sec1-tp-mac/lib/tft/Adafruit-GFX-Library/Adafruit_GFX.cpp.obj
 .ARM.extab.text._ZN12Adafruit_GFX9writeLineEsssst
                0x0000000008005a3c        0xc CMakeFiles/lab6.dir/home/elkhayder/sec1-tp-mac/lib/tft/Adafruit-GFX-Library/Adafruit_GFX.cpp.obj
 .ARM.extab.text._ZN12Adafruit_GFX10writePixelEsst
                0x0000000008005a48        0xc CMakeFiles/lab6.dir/home/elkhayder/sec1-tp-mac/lib/tft/Adafruit-GFX-Library/Adafruit_GFX.cpp.obj
 .ARM.extab.text._ZN12Adafruit_GFX14writeFastVLineEssst
                0x0000000008005a54        0xc CMakeFiles/lab6.dir/home/elkhayder/sec1-tp-mac/lib/tft/Adafruit-GFX-Library/Adafruit_GFX.cpp.obj
 .ARM.extab.text._ZN12Adafruit_GFX14writeFastHLineEssst
                0x0000000008005a60        0xc CMakeFiles/lab6.dir/home/elkhayder/sec1-tp-mac/lib/tft/Adafruit-GFX-Library/Adafruit_GFX.cpp.obj
 .ARM.extab.text._ZN12Adafruit_GFX13writeFillRectEsssst
                0x0000000008005a6c        0xc CMakeFiles/lab6.dir/home/elkhayder/sec1-tp-mac/lib/tft/Adafruit-GFX-Library/Adafruit_GFX.cpp.obj
 .ARM.extab.text._ZN12Adafruit_GFX13drawFastVLineEssst
                0x0000000008005a78        0xc CMakeFiles/lab6.dir/home/elkhayder/sec1-tp-mac/lib/tft/Adafruit-GFX-Library/Adafruit_GFX.cpp.obj
 .ARM.extab.text._ZN12Adafruit_GFX13drawFastHLineEssst
                0x0000000008005a84        0xc CMakeFiles/lab6.dir/home/elkhayder/sec1-tp-mac/lib/tft/Adafruit-GFX-Library/Adafruit_GFX.cpp.obj
 .ARM.extab.text._ZN12Adafruit_GFX8fillRectEsssst
                0x0000000008005a90        0xc CMakeFiles/lab6.dir/home/elkhayder/sec1-tp-mac/lib/tft/Adafruit-GFX-Library/Adafruit_GFX.cpp.obj
 .ARM.extab.text._ZN12Adafruit_GFX10fillScreenEt
                0x0000000008005a9c        0xc CMakeFiles/lab6.dir/home/elkhayder/sec1-tp-mac/lib/tft/Adafruit-GFX-Library/Adafruit_GFX.cpp.obj
 .ARM.extab.text._ZN12Adafruit_GFX8drawLineEsssst
                0x0000000008005aa8        0xc CMakeFiles/lab6.dir/home/elkhayder/sec1-tp-mac/lib/tft/Adafruit-GFX-Library/Adafruit_GFX.cpp.obj
 .ARM.extab.text._ZN12Adafruit_GFX8drawRectEsssst
                0x0000000008005ab4        0xc CMakeFiles/lab6.dir/home/elkhayder/sec1-tp-mac/lib/tft/Adafruit-GFX-Library/Adafruit_GFX.cpp.obj
 .ARM.extab.text._ZN12Adafruit_GFX8drawCharEsshtth
                0x0000000008005ac0        0xc CMakeFiles/lab6.dir/home/elkhayder/sec1-tp-mac/lib/tft/Adafruit-GFX-Library/Adafruit_GFX.cpp.obj
 .ARM.extab.text._ZN12Adafruit_GFX5writeEh
                0x0000000008005acc        0xc CMakeFiles/lab6.dir/home/elkhayder/sec1-tp-mac/lib/tft/Adafruit-GFX-Library/Adafruit_GFX.cpp.obj
 .ARM.extab.text._ZN15Adafruit_SPITFT10writePixelEt
                0x0000000008005ad8        0xc CMakeFiles/lab6.dir/home/elkhayder/sec1-tp-mac/lib/tft/Adafruit-GFX-Library/Adafruit_SPITFT.cpp.obj
 .ARM.extab.text._ZN15Adafruit_SPITFTC2Ett
                0x0000000008005ae4        0xc CMakeFiles/lab6.dir/home/elkhayder/sec1-tp-mac/lib/tft/Adafruit-GFX-Library/Adafruit_SPITFT.cpp.obj
 .ARM.extab.text._ZN15Adafruit_SPITFT7initSPIEm
                0x0000000008005af0        0xc CMakeFiles/lab6.dir/home/elkhayder/sec1-tp-mac/lib/tft/Adafruit-GFX-Library/Adafruit_SPITFT.cpp.obj
 .ARM.extab.text._ZN15Adafruit_SPITFT8spiWriteEh
                0x0000000008005afc        0xc CMakeFiles/lab6.dir/home/elkhayder/sec1-tp-mac/lib/tft/Adafruit-GFX-Library/Adafruit_SPITFT.cpp.obj
 .ARM.extab.text._ZN15Adafruit_SPITFT10startWriteEv
                0x0000000008005b08        0x0 CMakeFiles/lab6.dir/home/elkhayder/sec1-tp-mac/lib/tft/Adafruit-GFX-Library/Adafruit_SPITFT.cpp.obj
 .ARM.extab.text._ZN15Adafruit_SPITFT8endWriteEv
                0x0000000008005b08        0x0 CMakeFiles/lab6.dir/home/elkhayder/sec1-tp-mac/lib/tft/Adafruit-GFX-Library/Adafruit_SPITFT.cpp.obj
 .ARM.extab.text._ZN15Adafruit_SPITFT12writeCommandEh
                0x0000000008005b08        0xc CMakeFiles/lab6.dir/home/elkhayder/sec1-tp-mac/lib/tft/Adafruit-GFX-Library/Adafruit_SPITFT.cpp.obj
 .ARM.extab.text._ZN15Adafruit_SPITFT10writeColorEtm
                0x0000000008005b14        0xc CMakeFiles/lab6.dir/home/elkhayder/sec1-tp-mac/lib/tft/Adafruit-GFX-Library/Adafruit_SPITFT.cpp.obj
 .ARM.extab.text._ZN15Adafruit_SPITFT10writePixelEsst
                0x0000000008005b20        0xc CMakeFiles/lab6.dir/home/elkhayder/sec1-tp-mac/lib/tft/Adafruit-GFX-Library/Adafruit_SPITFT.cpp.obj
 .ARM.extab.text._ZN15Adafruit_SPITFT13writeFillRectEsssst
                0x0000000008005b2c        0xc CMakeFiles/lab6.dir/home/elkhayder/sec1-tp-mac/lib/tft/Adafruit-GFX-Library/Adafruit_SPITFT.cpp.obj
 .ARM.extab.text._ZN15Adafruit_SPITFT14writeFastVLineEssst
                0x0000000008005b38        0xc CMakeFiles/lab6.dir/home/elkhayder/sec1-tp-mac/lib/tft/Adafruit-GFX-Library/Adafruit_SPITFT.cpp.obj
 .ARM.extab.text._ZN15Adafruit_SPITFT14writeFastHLineEssst
                0x0000000008005b44        0xc CMakeFiles/lab6.dir/home/elkhayder/sec1-tp-mac/lib/tft/Adafruit-GFX-Library/Adafruit_SPITFT.cpp.obj
 .ARM.extab.text._ZN15Adafruit_SPITFT9drawPixelEsst
                0x0000000008005b50        0xc CMakeFiles/lab6.dir/home/elkhayder/sec1-tp-mac/lib/tft/Adafruit-GFX-Library/Adafruit_SPITFT.cpp.obj
 .ARM.extab.text._ZN15Adafruit_SPITFT13drawFastVLineEssst
                0x0000000008005b5c        0xc CMakeFiles/lab6.dir/home/elkhayder/sec1-tp-mac/lib/tft/Adafruit-GFX-Library/Adafruit_SPITFT.cpp.obj
 .ARM.extab.text._ZN15Adafruit_SPITFT13drawFastHLineEssst
                0x0000000008005b68        0xc CMakeFiles/lab6.dir/home/elkhayder/sec1-tp-mac/lib/tft/Adafruit-GFX-Library/Adafruit_SPITFT.cpp.obj
 .ARM.extab.text._ZN15Adafruit_SPITFT8fillRectEsssst
                0x0000000008005b74        0xc CMakeFiles/lab6.dir/home/elkhayder/sec1-tp-mac/lib/tft/Adafruit-GFX-Library/Adafruit_SPITFT.cpp.obj
 .ARM.extab.text._ZN15Adafruit_SPITFT13invertDisplayEb
                0x0000000008005b80        0xc CMakeFiles/lab6.dir/home/elkhayder/sec1-tp-mac/lib/tft/Adafruit-GFX-Library/Adafruit_SPITFT.cpp.obj
 .ARM.extab.text._ZN15Adafruit_ST77355initREh
                0x0000000008005b8c        0xc CMakeFiles/lab6.dir/home/elkhayder/sec1-tp-mac/lib/tft/Adafruit-ST7735-Library/Adafruit_ST7735.cpp.obj
 .ARM.extab.text._ZN15Adafruit_ST773511setRotationEh
                0x0000000008005b98        0xc CMakeFiles/lab6.dir/home/elkhayder/sec1-tp-mac/lib/tft/Adafruit-ST7735-Library/Adafruit_ST7735.cpp.obj
 .ARM.extab.text._ZN15Adafruit_ST77xxC2Ev
                0x0000000008005ba4        0xc CMakeFiles/lab6.dir/home/elkhayder/sec1-tp-mac/lib/tft/Adafruit-ST7735-Library/Adafruit_ST77xx.cpp.obj
 .ARM.extab.text._ZN15Adafruit_ST77xx11displayInitEPKh
                0x0000000008005bb0        0xc CMakeFiles/lab6.dir/home/elkhayder/sec1-tp-mac/lib/tft/Adafruit-ST7735-Library/Adafruit_ST77xx.cpp.obj
 .ARM.extab.text._ZN15Adafruit_ST77xx5beginEm
                0x0000000008005bbc        0xc CMakeFiles/lab6.dir/home/elkhayder/sec1-tp-mac/lib/tft/Adafruit-ST7735-Library/Adafruit_ST77xx.cpp.obj
 .ARM.extab.text._ZN15Adafruit_ST77xx10commonInitEPKh
                0x0000000008005bc8        0xc CMakeFiles/lab6.dir/home/elkhayder/sec1-tp-mac/lib/tft/Adafruit-ST7735-Library/Adafruit_ST77xx.cpp.obj
 .ARM.extab.text._ZN15Adafruit_ST77xx13setAddrWindowEtttt
                0x0000000008005bd4        0xc CMakeFiles/lab6.dir/home/elkhayder/sec1-tp-mac/lib/tft/Adafruit-ST7735-Library/Adafruit_ST77xx.cpp.obj
 .ARM.extab.text._ZN15Adafruit_ST77xx11setRotationEh
                0x0000000008005be0        0xc CMakeFiles/lab6.dir/home/elkhayder/sec1-tp-mac/lib/tft/Adafruit-ST7735-Library/Adafruit_ST77xx.cpp.obj
 .ARM.extab.text.Reset_Handler
                0x0000000008005bec        0xc CMakeFiles/lab6.dir/home/elkhayder/sec1-tp-mac/sys/startup_ARMCM4.c.obj
 .ARM.extab     0x0000000008005bf8       0x18 /usr/share/gcc-arm-none-eabi-10.3-2021.10/bin/../lib/gcc/arm-none-eabi/10.3.1/thumb/v7e-m+fp/hard/libgcc.a(pr-support.o)
                0x0000000008005c10                __exidx_start = .

.ARM.exidx      0x0000000008005c10      0x2e8
 *(.ARM.exidx* .gnu.linkonce.armexidx.*)
 .ARM.exidx     0x0000000008005c10        0x8 /usr/share/gcc-arm-none-eabi-10.3-2021.10/bin/../lib/gcc/arm-none-eabi/10.3.1/../../../../arm-none-eabi/lib/thumb/v7e-m+fp/hard/crt0.o
                                         0x10 (size before relaxing)
 .ARM.exidx.text.NVIC_EnableIRQ
                0x0000000008005c18        0x0 CMakeFiles/lab6.dir/main.cpp.obj
                                          0x8 (size before relaxing)
 .ARM.exidx.text._Z5setupv
                0x0000000008005c18        0x8 CMakeFiles/lab6.dir/main.cpp.obj
 .ARM.exidx.text.EXTI1_IRQHandler
                0x0000000008005c20        0x0 CMakeFiles/lab6.dir/main.cpp.obj
                                          0x8 (size before relaxing)
 .ARM.exidx.text.TIM6_DAC1_IRQHandler
                0x0000000008005c20        0x0 CMakeFiles/lab6.dir/main.cpp.obj
                                          0x8 (size before relaxing)
 .ARM.exidx.text.main
                0x0000000008005c20        0x8 CMakeFiles/lab6.dir/main.cpp.obj
 .ARM.exidx.text._Z9servoInitv
                0x0000000008005c28        0x8 CMakeFiles/lab6.dir/servo.cpp.obj
 .ARM.exidx.text._Z8servoSeti
                0x0000000008005c30        0x8 CMakeFiles/lab6.dir/servo.cpp.obj
 .ARM.exidx.text._Z11encoderInitv
                0x0000000008005c38        0x8 CMakeFiles/lab6.dir/encoder.cpp.obj
 .ARM.exidx.text._Z12encoderValuev
                0x0000000008005c40        0x8 CMakeFiles/lab6.dir/encoder.cpp.obj
 .ARM.exidx.text._Z19encoderValueInStepsv
                0x0000000008005c48        0x0 CMakeFiles/lab6.dir/encoder.cpp.obj
                                          0x8 (size before relaxing)
 .ARM.exidx.text.EXTI0_IRQHandler
                0x0000000008005c48        0x8 CMakeFiles/lab6.dir/encoder.cpp.obj
 .ARM.exidx.text.clockForGpio
                0x0000000008005c50        0x8 CMakeFiles/lab6.dir/home/elkhayder/sec1-tp-mac/lib/pinAccess.c.obj
 .ARM.exidx.text.pinMode
                0x0000000008005c58        0x0 CMakeFiles/lab6.dir/home/elkhayder/sec1-tp-mac/lib/pinAccess.c.obj
                                          0x8 (size before relaxing)
 .ARM.exidx.text.digitalRead
                0x0000000008005c58        0x0 CMakeFiles/lab6.dir/home/elkhayder/sec1-tp-mac/lib/pinAccess.c.obj
                                          0x8 (size before relaxing)
 .ARM.exidx.text.pinAlt
                0x0000000008005c58        0x0 CMakeFiles/lab6.dir/home/elkhayder/sec1-tp-mac/lib/pinAccess.c.obj
                                          0x8 (size before relaxing)
 .ARM.exidx.text.setupSPI
                0x0000000008005c58        0x0 CMakeFiles/lab6.dir/home/elkhayder/sec1-tp-mac/lib/spi.c.obj
                                          0x8 (size before relaxing)
 .ARM.exidx.text.transfer8
                0x0000000008005c58        0x0 CMakeFiles/lab6.dir/home/elkhayder/sec1-tp-mac/lib/spi.c.obj
                                          0x8 (size before relaxing)
 .ARM.exidx.text.NVIC_EnableIRQ
                0x0000000008005c58        0x0 CMakeFiles/lab6.dir/home/elkhayder/sec1-tp-mac/lib/exti.c.obj
                                          0x8 (size before relaxing)
 .ARM.exidx.text.attachInterrupt
                0x0000000008005c58        0x0 CMakeFiles/lab6.dir/home/elkhayder/sec1-tp-mac/lib/exti.c.obj
                                          0x8 (size before relaxing)
 .ARM.exidx.text._ZN15Adafruit_ST7735C2Ev
                0x0000000008005c58        0x8 CMakeFiles/lab6.dir/home/elkhayder/sec1-tp-mac/lib/tft/tft.cpp.obj
 .ARM.exidx.text._ZN3tftC2Ev
                0x0000000008005c60        0x8 CMakeFiles/lab6.dir/home/elkhayder/sec1-tp-mac/lib/tft/tft.cpp.obj
 .ARM.exidx.text._ZN3tft5eraseEv
                0x0000000008005c68        0x8 CMakeFiles/lab6.dir/home/elkhayder/sec1-tp-mac/lib/tft/tft.cpp.obj
 .ARM.exidx.text._ZN3tft5setupEv
                0x0000000008005c70        0x8 CMakeFiles/lab6.dir/home/elkhayder/sec1-tp-mac/lib/tft/tft.cpp.obj
 .ARM.exidx.text._ZN3tft13setTextCursorEjj
                0x0000000008005c78        0x8 CMakeFiles/lab6.dir/home/elkhayder/sec1-tp-mac/lib/tft/tft.cpp.obj
 .ARM.exidx.text._ZN3tft12getTextWidthEv
                0x0000000008005c80        0x8 CMakeFiles/lab6.dir/home/elkhayder/sec1-tp-mac/lib/tft/tft.cpp.obj
 .ARM.exidx.text._ZN3tft13getTextHeightEv
                0x0000000008005c88        0x8 CMakeFiles/lab6.dir/home/elkhayder/sec1-tp-mac/lib/tft/tft.cpp.obj
 .ARM.exidx.text._ZN3tft9eraseTextEj
                0x0000000008005c90        0x8 CMakeFiles/lab6.dir/home/elkhayder/sec1-tp-mac/lib/tft/tft.cpp.obj
 .ARM.exidx.text._Z41__static_initialization_and_destruction_0ii
                0x0000000008005c98        0x8 CMakeFiles/lab6.dir/home/elkhayder/sec1-tp-mac/lib/tft/tft.cpp.obj
 .ARM.exidx.text._GLOBAL__sub_I__ZN3tft5eraseEv
                0x0000000008005ca0        0x0 CMakeFiles/lab6.dir/home/elkhayder/sec1-tp-mac/lib/tft/tft.cpp.obj
                                          0x8 (size before relaxing)
 .ARM.exidx.text._ZN5Print5writeEPKc
                0x0000000008005ca0        0x8 CMakeFiles/lab6.dir/home/elkhayder/sec1-tp-mac/lib/tft/arduinoCore/Print.cpp.obj
 .ARM.exidx.text._ZN5Print5writeEPKhj
                0x0000000008005ca8        0x8 CMakeFiles/lab6.dir/home/elkhayder/sec1-tp-mac/lib/tft/arduinoCore/Print.cpp.obj
 .ARM.exidx.text._ZN5Print5printEPKc
                0x0000000008005cb0        0x8 CMakeFiles/lab6.dir/home/elkhayder/sec1-tp-mac/lib/tft/arduinoCore/Print.cpp.obj
 .ARM.exidx.text._ZN5Print5printEc
                0x0000000008005cb8        0x8 CMakeFiles/lab6.dir/home/elkhayder/sec1-tp-mac/lib/tft/arduinoCore/Print.cpp.obj
 .ARM.exidx.text._ZN5Print5printEii
                0x0000000008005cc0        0x8 CMakeFiles/lab6.dir/home/elkhayder/sec1-tp-mac/lib/tft/arduinoCore/Print.cpp.obj
 .ARM.exidx.text._ZN5Print5printEli
                0x0000000008005cc8        0x8 CMakeFiles/lab6.dir/home/elkhayder/sec1-tp-mac/lib/tft/arduinoCore/Print.cpp.obj
 .ARM.exidx.text._ZN5Print7printlnEv
                0x0000000008005cd0        0x8 CMakeFiles/lab6.dir/home/elkhayder/sec1-tp-mac/lib/tft/arduinoCore/Print.cpp.obj
 .ARM.exidx.text._ZN5Print7printlnEPKc
                0x0000000008005cd8        0x8 CMakeFiles/lab6.dir/home/elkhayder/sec1-tp-mac/lib/tft/arduinoCore/Print.cpp.obj
 .ARM.exidx.text._ZN5Print7printlnEii
                0x0000000008005ce0        0x8 CMakeFiles/lab6.dir/home/elkhayder/sec1-tp-mac/lib/tft/arduinoCore/Print.cpp.obj
 .ARM.exidx.text._ZN5Print11printNumberEmh
                0x0000000008005ce8        0x8 CMakeFiles/lab6.dir/home/elkhayder/sec1-tp-mac/lib/tft/arduinoCore/Print.cpp.obj
 .ARM.exidx.text._ZN5PrintC2Ev
                0x0000000008005cf0        0x8 CMakeFiles/lab6.dir/home/elkhayder/sec1-tp-mac/lib/tft/Adafruit-GFX-Library/Adafruit_GFX.cpp.obj
 .ARM.exidx.text._ZN12Adafruit_GFXC2Ess
                0x0000000008005cf8        0x0 CMakeFiles/lab6.dir/home/elkhayder/sec1-tp-mac/lib/tft/Adafruit-GFX-Library/Adafruit_GFX.cpp.obj
                                          0x8 (size before relaxing)
 .ARM.exidx.text._ZN12Adafruit_GFX9writeLineEsssst
                0x0000000008005cf8        0x8 CMakeFiles/lab6.dir/home/elkhayder/sec1-tp-mac/lib/tft/Adafruit-GFX-Library/Adafruit_GFX.cpp.obj
 .ARM.exidx.text._ZN12Adafruit_GFX10startWriteEv
                0x0000000008005d00        0x8 CMakeFiles/lab6.dir/home/elkhayder/sec1-tp-mac/lib/tft/Adafruit-GFX-Library/Adafruit_GFX.cpp.obj
 .ARM.exidx.text._ZN12Adafruit_GFX10writePixelEsst
                0x0000000008005d08        0x8 CMakeFiles/lab6.dir/home/elkhayder/sec1-tp-mac/lib/tft/Adafruit-GFX-Library/Adafruit_GFX.cpp.obj
 .ARM.exidx.text._ZN12Adafruit_GFX14writeFastVLineEssst
                0x0000000008005d10        0x8 CMakeFiles/lab6.dir/home/elkhayder/sec1-tp-mac/lib/tft/Adafruit-GFX-Library/Adafruit_GFX.cpp.obj
 .ARM.exidx.text._ZN12Adafruit_GFX14writeFastHLineEssst
                0x0000000008005d18        0x8 CMakeFiles/lab6.dir/home/elkhayder/sec1-tp-mac/lib/tft/Adafruit-GFX-Library/Adafruit_GFX.cpp.obj
 .ARM.exidx.text._ZN12Adafruit_GFX13writeFillRectEsssst
                0x0000000008005d20        0x8 CMakeFiles/lab6.dir/home/elkhayder/sec1-tp-mac/lib/tft/Adafruit-GFX-Library/Adafruit_GFX.cpp.obj
 .ARM.exidx.text._ZN12Adafruit_GFX8endWriteEv
                0x0000000008005d28        0x8 CMakeFiles/lab6.dir/home/elkhayder/sec1-tp-mac/lib/tft/Adafruit-GFX-Library/Adafruit_GFX.cpp.obj
 .ARM.exidx.text._ZN12Adafruit_GFX13drawFastVLineEssst
                0x0000000008005d30        0x8 CMakeFiles/lab6.dir/home/elkhayder/sec1-tp-mac/lib/tft/Adafruit-GFX-Library/Adafruit_GFX.cpp.obj
 .ARM.exidx.text._ZN12Adafruit_GFX13drawFastHLineEssst
                0x0000000008005d38        0x8 CMakeFiles/lab6.dir/home/elkhayder/sec1-tp-mac/lib/tft/Adafruit-GFX-Library/Adafruit_GFX.cpp.obj
 .ARM.exidx.text._ZN12Adafruit_GFX8fillRectEsssst
                0x0000000008005d40        0x8 CMakeFiles/lab6.dir/home/elkhayder/sec1-tp-mac/lib/tft/Adafruit-GFX-Library/Adafruit_GFX.cpp.obj
 .ARM.exidx.text._ZN12Adafruit_GFX10fillScreenEt
                0x0000000008005d48        0x8 CMakeFiles/lab6.dir/home/elkhayder/sec1-tp-mac/lib/tft/Adafruit-GFX-Library/Adafruit_GFX.cpp.obj
 .ARM.exidx.text._ZN12Adafruit_GFX8drawLineEsssst
                0x0000000008005d50        0x8 CMakeFiles/lab6.dir/home/elkhayder/sec1-tp-mac/lib/tft/Adafruit-GFX-Library/Adafruit_GFX.cpp.obj
 .ARM.exidx.text._ZN12Adafruit_GFX8drawRectEsssst
                0x0000000008005d58        0x8 CMakeFiles/lab6.dir/home/elkhayder/sec1-tp-mac/lib/tft/Adafruit-GFX-Library/Adafruit_GFX.cpp.obj
 .ARM.exidx.text._ZN12Adafruit_GFX8drawCharEsshtth
                0x0000000008005d60        0x8 CMakeFiles/lab6.dir/home/elkhayder/sec1-tp-mac/lib/tft/Adafruit-GFX-Library/Adafruit_GFX.cpp.obj
 .ARM.exidx.text._ZN12Adafruit_GFX5writeEh
                0x0000000008005d68        0x8 CMakeFiles/lab6.dir/home/elkhayder/sec1-tp-mac/lib/tft/Adafruit-GFX-Library/Adafruit_GFX.cpp.obj
 .ARM.exidx.text._ZN12Adafruit_GFX9setCursorEss
                0x0000000008005d70        0x8 CMakeFiles/lab6.dir/home/elkhayder/sec1-tp-mac/lib/tft/Adafruit-GFX-Library/Adafruit_GFX.cpp.obj
 .ARM.exidx.text._ZNK12Adafruit_GFX10getCursorXEv
                0x0000000008005d78        0x0 CMakeFiles/lab6.dir/home/elkhayder/sec1-tp-mac/lib/tft/Adafruit-GFX-Library/Adafruit_GFX.cpp.obj
                                          0x8 (size before relaxing)
 .ARM.exidx.text._ZNK12Adafruit_GFX10getCursorYEv
                0x0000000008005d78        0x0 CMakeFiles/lab6.dir/home/elkhayder/sec1-tp-mac/lib/tft/Adafruit-GFX-Library/Adafruit_GFX.cpp.obj
                                          0x8 (size before relaxing)
 .ARM.exidx.text._ZN12Adafruit_GFX12setTextColorEt
                0x0000000008005d78        0x0 CMakeFiles/lab6.dir/home/elkhayder/sec1-tp-mac/lib/tft/Adafruit-GFX-Library/Adafruit_GFX.cpp.obj
                                          0x8 (size before relaxing)
 .ARM.exidx.text._ZN12Adafruit_GFX11setRotationEh
                0x0000000008005d78        0x0 CMakeFiles/lab6.dir/home/elkhayder/sec1-tp-mac/lib/tft/Adafruit-GFX-Library/Adafruit_GFX.cpp.obj
                                          0x8 (size before relaxing)
 .ARM.exidx.text._ZN12Adafruit_GFX7setFontEPK7GFXfont
                0x0000000008005d78        0x0 CMakeFiles/lab6.dir/home/elkhayder/sec1-tp-mac/lib/tft/Adafruit-GFX-Library/Adafruit_GFX.cpp.obj
                                          0x8 (size before relaxing)
 .ARM.exidx.text._ZNK12Adafruit_GFX5widthEv
                0x0000000008005d78        0x0 CMakeFiles/lab6.dir/home/elkhayder/sec1-tp-mac/lib/tft/Adafruit-GFX-Library/Adafruit_GFX.cpp.obj
                                          0x8 (size before relaxing)
 .ARM.exidx.text._ZNK12Adafruit_GFX6heightEv
                0x0000000008005d78        0x0 CMakeFiles/lab6.dir/home/elkhayder/sec1-tp-mac/lib/tft/Adafruit-GFX-Library/Adafruit_GFX.cpp.obj
                                          0x8 (size before relaxing)
 .ARM.exidx.text._ZN12Adafruit_GFX13invertDisplayEb
                0x0000000008005d78        0x0 CMakeFiles/lab6.dir/home/elkhayder/sec1-tp-mac/lib/tft/Adafruit-GFX-Library/Adafruit_GFX.cpp.obj
                                          0x8 (size before relaxing)
 .ARM.exidx.text._ZN10GFXcanvas19drawPixelEsst
                0x0000000008005d78        0x0 CMakeFiles/lab6.dir/home/elkhayder/sec1-tp-mac/lib/tft/Adafruit-GFX-Library/Adafruit_GFX.cpp.obj
                                          0x8 (size before relaxing)
 .ARM.exidx.text._ZN10GFXcanvas110fillScreenEt
                0x0000000008005d78        0x0 CMakeFiles/lab6.dir/home/elkhayder/sec1-tp-mac/lib/tft/Adafruit-GFX-Library/Adafruit_GFX.cpp.obj
                                          0x8 (size before relaxing)
 .ARM.exidx.text._ZN10GFXcanvas89drawPixelEsst
                0x0000000008005d78        0x0 CMakeFiles/lab6.dir/home/elkhayder/sec1-tp-mac/lib/tft/Adafruit-GFX-Library/Adafruit_GFX.cpp.obj
                                          0x8 (size before relaxing)
 .ARM.exidx.text._ZN10GFXcanvas810fillScreenEt
                0x0000000008005d78        0x0 CMakeFiles/lab6.dir/home/elkhayder/sec1-tp-mac/lib/tft/Adafruit-GFX-Library/Adafruit_GFX.cpp.obj
                                          0x8 (size before relaxing)
 .ARM.exidx.text._ZN10GFXcanvas814writeFastHLineEssst
                0x0000000008005d78        0x0 CMakeFiles/lab6.dir/home/elkhayder/sec1-tp-mac/lib/tft/Adafruit-GFX-Library/Adafruit_GFX.cpp.obj
                                          0x8 (size before relaxing)
 .ARM.exidx.text._ZN11GFXcanvas169drawPixelEsst
                0x0000000008005d78        0x0 CMakeFiles/lab6.dir/home/elkhayder/sec1-tp-mac/lib/tft/Adafruit-GFX-Library/Adafruit_GFX.cpp.obj
                                          0x8 (size before relaxing)
 .ARM.exidx.text._ZN11GFXcanvas1610fillScreenEt
                0x0000000008005d78        0x0 CMakeFiles/lab6.dir/home/elkhayder/sec1-tp-mac/lib/tft/Adafruit-GFX-Library/Adafruit_GFX.cpp.obj
                                          0x8 (size before relaxing)
 .ARM.exidx.text._ZN15Adafruit_SPITFT10writePixelEt
                0x0000000008005d78        0x8 CMakeFiles/lab6.dir/home/elkhayder/sec1-tp-mac/lib/tft/Adafruit-GFX-Library/Adafruit_SPITFT.cpp.obj
 .ARM.exidx.text._ZN15Adafruit_SPITFTC2Ett
                0x0000000008005d80        0x8 CMakeFiles/lab6.dir/home/elkhayder/sec1-tp-mac/lib/tft/Adafruit-GFX-Library/Adafruit_SPITFT.cpp.obj
 .ARM.exidx.text._ZN15Adafruit_SPITFT7initSPIEm
                0x0000000008005d88        0x8 CMakeFiles/lab6.dir/home/elkhayder/sec1-tp-mac/lib/tft/Adafruit-GFX-Library/Adafruit_SPITFT.cpp.obj
 .ARM.exidx.text._ZN15Adafruit_SPITFT8spiWriteEh
                0x0000000008005d90        0x8 CMakeFiles/lab6.dir/home/elkhayder/sec1-tp-mac/lib/tft/Adafruit-GFX-Library/Adafruit_SPITFT.cpp.obj
 .ARM.exidx.text._ZN15Adafruit_SPITFT10startWriteEv
                0x0000000008005d98        0x8 CMakeFiles/lab6.dir/home/elkhayder/sec1-tp-mac/lib/tft/Adafruit-GFX-Library/Adafruit_SPITFT.cpp.obj
 .ARM.exidx.text._ZN15Adafruit_SPITFT8endWriteEv
                0x0000000008005da0        0x0 CMakeFiles/lab6.dir/home/elkhayder/sec1-tp-mac/lib/tft/Adafruit-GFX-Library/Adafruit_SPITFT.cpp.obj
                                          0x8 (size before relaxing)
 .ARM.exidx.text._ZN15Adafruit_SPITFT12writeCommandEh
                0x0000000008005da0        0x8 CMakeFiles/lab6.dir/home/elkhayder/sec1-tp-mac/lib/tft/Adafruit-GFX-Library/Adafruit_SPITFT.cpp.obj
 .ARM.exidx.text._ZN15Adafruit_SPITFT10writeColorEtm
                0x0000000008005da8        0x8 CMakeFiles/lab6.dir/home/elkhayder/sec1-tp-mac/lib/tft/Adafruit-GFX-Library/Adafruit_SPITFT.cpp.obj
 .ARM.exidx.text._ZN15Adafruit_SPITFT10writePixelEsst
                0x0000000008005db0        0x8 CMakeFiles/lab6.dir/home/elkhayder/sec1-tp-mac/lib/tft/Adafruit-GFX-Library/Adafruit_SPITFT.cpp.obj
 .ARM.exidx.text._ZN15Adafruit_SPITFT13writeFillRectEsssst
                0x0000000008005db8        0x8 CMakeFiles/lab6.dir/home/elkhayder/sec1-tp-mac/lib/tft/Adafruit-GFX-Library/Adafruit_SPITFT.cpp.obj
 .ARM.exidx.text._ZN15Adafruit_SPITFT14writeFastVLineEssst
                0x0000000008005dc0        0x8 CMakeFiles/lab6.dir/home/elkhayder/sec1-tp-mac/lib/tft/Adafruit-GFX-Library/Adafruit_SPITFT.cpp.obj
 .ARM.exidx.text._ZN15Adafruit_SPITFT14writeFastHLineEssst
                0x0000000008005dc8        0x8 CMakeFiles/lab6.dir/home/elkhayder/sec1-tp-mac/lib/tft/Adafruit-GFX-Library/Adafruit_SPITFT.cpp.obj
 .ARM.exidx.text._ZN15Adafruit_SPITFT9drawPixelEsst
                0x0000000008005dd0        0x8 CMakeFiles/lab6.dir/home/elkhayder/sec1-tp-mac/lib/tft/Adafruit-GFX-Library/Adafruit_SPITFT.cpp.obj
 .ARM.exidx.text._ZN15Adafruit_SPITFT13drawFastVLineEssst
                0x0000000008005dd8        0x8 CMakeFiles/lab6.dir/home/elkhayder/sec1-tp-mac/lib/tft/Adafruit-GFX-Library/Adafruit_SPITFT.cpp.obj
 .ARM.exidx.text._ZN15Adafruit_SPITFT13drawFastHLineEssst
                0x0000000008005de0        0x8 CMakeFiles/lab6.dir/home/elkhayder/sec1-tp-mac/lib/tft/Adafruit-GFX-Library/Adafruit_SPITFT.cpp.obj
 .ARM.exidx.text._ZN15Adafruit_SPITFT8fillRectEsssst
                0x0000000008005de8        0x8 CMakeFiles/lab6.dir/home/elkhayder/sec1-tp-mac/lib/tft/Adafruit-GFX-Library/Adafruit_SPITFT.cpp.obj
 .ARM.exidx.text._ZN15Adafruit_SPITFT13invertDisplayEb
                0x0000000008005df0        0x8 CMakeFiles/lab6.dir/home/elkhayder/sec1-tp-mac/lib/tft/Adafruit-GFX-Library/Adafruit_SPITFT.cpp.obj
 .ARM.exidx.text._ZN15Adafruit_ST77355initREh
                0x0000000008005df8        0x8 CMakeFiles/lab6.dir/home/elkhayder/sec1-tp-mac/lib/tft/Adafruit-ST7735-Library/Adafruit_ST7735.cpp.obj
 .ARM.exidx.text._ZN15Adafruit_ST773511setRotationEh
                0x0000000008005e00        0x8 CMakeFiles/lab6.dir/home/elkhayder/sec1-tp-mac/lib/tft/Adafruit-ST7735-Library/Adafruit_ST7735.cpp.obj
 .ARM.exidx.text._ZN15Adafruit_ST77xxC2Ev
                0x0000000008005e08        0x8 CMakeFiles/lab6.dir/home/elkhayder/sec1-tp-mac/lib/tft/Adafruit-ST7735-Library/Adafruit_ST77xx.cpp.obj
 .ARM.exidx.text._ZN15Adafruit_ST77xx11displayInitEPKh
                0x0000000008005e10        0x8 CMakeFiles/lab6.dir/home/elkhayder/sec1-tp-mac/lib/tft/Adafruit-ST7735-Library/Adafruit_ST77xx.cpp.obj
 .ARM.exidx.text._ZN15Adafruit_ST77xx5beginEm
                0x0000000008005e18        0x8 CMakeFiles/lab6.dir/home/elkhayder/sec1-tp-mac/lib/tft/Adafruit-ST7735-Library/Adafruit_ST77xx.cpp.obj
 .ARM.exidx.text._ZN15Adafruit_ST77xx10commonInitEPKh
                0x0000000008005e20        0x8 CMakeFiles/lab6.dir/home/elkhayder/sec1-tp-mac/lib/tft/Adafruit-ST7735-Library/Adafruit_ST77xx.cpp.obj
 .ARM.exidx.text._ZN15Adafruit_ST77xx13setAddrWindowEtttt
                0x0000000008005e28        0x8 CMakeFiles/lab6.dir/home/elkhayder/sec1-tp-mac/lib/tft/Adafruit-ST7735-Library/Adafruit_ST77xx.cpp.obj
 .ARM.exidx.text._ZN15Adafruit_ST77xx11setRotationEh
                0x0000000008005e30        0x8 CMakeFiles/lab6.dir/home/elkhayder/sec1-tp-mac/lib/tft/Adafruit-ST7735-Library/Adafruit_ST77xx.cpp.obj
 .ARM.exidx.text.Reset_Handler
                0x0000000008005e38        0x8 CMakeFiles/lab6.dir/home/elkhayder/sec1-tp-mac/sys/startup_ARMCM4.c.obj
 .ARM.exidx.text.Default_Handler
                0x0000000008005e40        0x8 CMakeFiles/lab6.dir/home/elkhayder/sec1-tp-mac/sys/startup_ARMCM4.c.obj
 .ARM.exidx.text.SystemInit
                0x0000000008005e48        0x0 CMakeFiles/lab6.dir/home/elkhayder/sec1-tp-mac/sys/startup_clock.c.obj
                                          0x8 (size before relaxing)
 .ARM.exidx     0x0000000008005e48       0x78 /usr/share/gcc-arm-none-eabi-10.3-2021.10/bin/../lib/gcc/arm-none-eabi/10.3.1/thumb/v7e-m+fp/hard/libgcc.a(unwind-arm.o)
                                         0xd8 (size before relaxing)
 .ARM.exidx     0x0000000008005ec0       0x38 /usr/share/gcc-arm-none-eabi-10.3-2021.10/bin/../lib/gcc/arm-none-eabi/10.3.1/thumb/v7e-m+fp/hard/libgcc.a(pr-support.o)
                0x0000000008005ef8                __exidx_end = .
                0x0000000008005ef8                __etext = .

.rel.dyn        0x0000000008005ef8        0x0
 .rel.iplt      0x0000000008005ef8        0x0 /usr/share/gcc-arm-none-eabi-10.3-2021.10/bin/../lib/gcc/arm-none-eabi/10.3.1/thumb/v7e-m+fp/hard/crtbegin.o

.data           0x0000000020000000      0x44c load address 0x0000000008005ef8
                0x0000000020000000                __data_start__ = .
 *(vtable)
 *(.data*)
 .data          0x0000000020000000        0x4 CMakeFiles/lab6.dir/main.cpp.obj
                0x0000000020000000                _mode
 .data._ZN10__cxxabiv119__terminate_handlerE
                0x0000000020000004        0x4 /usr/share/gcc-arm-none-eabi-10.3-2021.10/bin/../lib/gcc/arm-none-eabi/10.3.1/../../../../arm-none-eabi/lib/thumb/v7e-m+fp/hard/libstdc++_nano.a(eh_term_handler.o)
                0x0000000020000004                __cxxabiv1::__terminate_handler
 .data._impure_ptr
                0x0000000020000008        0x4 /usr/share/gcc-arm-none-eabi-10.3-2021.10/bin/../lib/gcc/arm-none-eabi/10.3.1/../../../../arm-none-eabi/lib/thumb/v7e-m+fp/hard/libc.a(lib_a-impure.o)
                0x0000000020000008                _impure_ptr
 *fill*         0x000000002000000c        0x4 
 .data.impure_data
                0x0000000020000010      0x428 /usr/share/gcc-arm-none-eabi-10.3-2021.10/bin/../lib/gcc/arm-none-eabi/10.3.1/../../../../arm-none-eabi/lib/thumb/v7e-m+fp/hard/libc.a(lib_a-impure.o)
 .data.__atexit_recursive_mutex
                0x0000000020000438        0x4 /usr/share/gcc-arm-none-eabi-10.3-2021.10/bin/../lib/gcc/arm-none-eabi/10.3.1/../../../../arm-none-eabi/lib/thumb/v7e-m+fp/hard/libc.a(lib_a-__call_atexit.o)
                0x0000000020000438                __atexit_recursive_mutex
                0x000000002000043c                . = ALIGN (0x4)
                0x000000002000043c                PROVIDE (__preinit_array_start = .)
 *(.preinit_array)
                0x000000002000043c                PROVIDE (__preinit_array_end = .)
                0x000000002000043c                . = ALIGN (0x4)
                0x000000002000043c                PROVIDE (__init_array_start = .)
 *(SORT_BY_NAME(.init_array.*))
 .init_array.00000
                0x000000002000043c        0x4 /usr/share/gcc-arm-none-eabi-10.3-2021.10/bin/../lib/gcc/arm-none-eabi/10.3.1/../../../../arm-none-eabi/lib/thumb/v7e-m+fp/hard/libc.a(lib_a-__call_atexit.o)
 *(.init_array)
 .init_array    0x0000000020000440        0x4 /usr/share/gcc-arm-none-eabi-10.3-2021.10/bin/../lib/gcc/arm-none-eabi/10.3.1/thumb/v7e-m+fp/hard/crtbegin.o
 .init_array    0x0000000020000444        0x4 CMakeFiles/lab6.dir/home/elkhayder/sec1-tp-mac/lib/tft/tft.cpp.obj
                0x0000000020000448                PROVIDE (__init_array_end = .)
                0x0000000020000448                . = ALIGN (0x4)
                0x0000000020000448                PROVIDE (__fini_array_start = .)
 *(SORT_BY_NAME(.fini_array.*))
 *(.fini_array)
 .fini_array    0x0000000020000448        0x4 /usr/share/gcc-arm-none-eabi-10.3-2021.10/bin/../lib/gcc/arm-none-eabi/10.3.1/thumb/v7e-m+fp/hard/crtbegin.o
                0x000000002000044c                PROVIDE (__fini_array_end = .)
 *(.jcr*)
                0x000000002000044c                . = ALIGN (0x4)
                0x000000002000044c                __data_end__ = .

.igot.plt       0x000000002000044c        0x0 load address 0x0000000008006344
 .igot.plt      0x000000002000044c        0x0 /usr/share/gcc-arm-none-eabi-10.3-2021.10/bin/../lib/gcc/arm-none-eabi/10.3.1/thumb/v7e-m+fp/hard/crtbegin.o

.bss            0x000000002000044c       0x60 load address 0x0000000008006344
                0x000000002000044c                . = ALIGN (0x4)
                0x000000002000044c                __bss_start__ = .
 *(.bss*)
 .bss           0x000000002000044c       0x1c /usr/share/gcc-arm-none-eabi-10.3-2021.10/bin/../lib/gcc/arm-none-eabi/10.3.1/thumb/v7e-m+fp/hard/crtbegin.o
 .bss           0x0000000020000468        0x8 CMakeFiles/lab6.dir/main.cpp.obj
                0x0000000020000468                _dir
                0x000000002000046c                _steps
 .bss           0x0000000020000470        0x4 CMakeFiles/lab6.dir/encoder.cpp.obj
                0x0000000020000470                _encoderValue
 .bss           0x0000000020000474       0x30 CMakeFiles/lab6.dir/home/elkhayder/sec1-tp-mac/lib/tft/tft.cpp.obj
                0x0000000020000474                Tft
 .bss.__lock___atexit_recursive_mutex
                0x00000000200004a4        0x1 /usr/share/gcc-arm-none-eabi-10.3-2021.10/bin/../lib/gcc/arm-none-eabi/10.3.1/../../../../arm-none-eabi/lib/thumb/v7e-m+fp/hard/libc.a(lib_a-lock.o)
                0x00000000200004a4                __lock___atexit_recursive_mutex
 *fill*         0x00000000200004a5        0x3 
 .bss.errno     0x00000000200004a8        0x4 /usr/share/gcc-arm-none-eabi-10.3-2021.10/bin/../lib/gcc/arm-none-eabi/10.3.1/../../../../arm-none-eabi/lib/thumb/v7e-m+fp/hard/libc.a(lib_a-reent.o)
                0x00000000200004a8                errno
 *(COMMON)
                0x00000000200004ac                . = ALIGN (0x4)
                0x00000000200004ac                __bss_end__ = .

.heap           0x00000000200004b0      0xc00
                0x00000000200004b0                __HeapBase = .
                0x00000000200004b0                __end__ = .
                0x00000000200004b0                end = __end__
 *(.heap*)
 .heap          0x00000000200004b0      0xc00 CMakeFiles/lab6.dir/home/elkhayder/sec1-tp-mac/sys/startup_ARMCM4.c.obj
                0x00000000200010b0                __HeapLimit = .

.stack_dummy    0x00000000200010b0      0x400
 *(.stack*)
 .stack         0x00000000200010b0      0x400 CMakeFiles/lab6.dir/home/elkhayder/sec1-tp-mac/sys/startup_ARMCM4.c.obj
                0x0000000020003000                __StackTop = (ORIGIN (RAM) + LENGTH (RAM))
                0x0000000020002c00                __StackLimit = (__StackTop - SIZEOF (.stack_dummy))
                0x0000000020003000                PROVIDE (__stack = __StackTop)
                0x0000000000000001                ASSERT ((__StackLimit >= __HeapLimit), region RAM overflowed with stack)
OUTPUT(lab6 elf32-littlearm)
LOAD linker stubs

.ARM.attributes
                0x0000000000000000       0x30
 .ARM.attributes
                0x0000000000000000       0x1e /usr/share/gcc-arm-none-eabi-10.3-2021.10/bin/../lib/gcc/arm-none-eabi/10.3.1/thumb/v7e-m+fp/hard/crti.o
 .ARM.attributes
                0x000000000000001e       0x34 /usr/share/gcc-arm-none-eabi-10.3-2021.10/bin/../lib/gcc/arm-none-eabi/10.3.1/thumb/v7e-m+fp/hard/crtbegin.o
 .ARM.attributes
                0x0000000000000052       0x1c /usr/share/gcc-arm-none-eabi-10.3-2021.10/bin/../lib/gcc/arm-none-eabi/10.3.1/../../../../arm-none-eabi/lib/thumb/v7e-m+fp/hard/crt0.o
 .ARM.attributes
                0x000000000000006e       0x34 CMakeFiles/lab6.dir/main.cpp.obj
 .ARM.attributes
                0x00000000000000a2       0x34 CMakeFiles/lab6.dir/servo.cpp.obj
 .ARM.attributes
                0x00000000000000d6       0x34 CMakeFiles/lab6.dir/encoder.cpp.obj
 .ARM.attributes
                0x000000000000010a       0x34 CMakeFiles/lab6.dir/home/elkhayder/sec1-tp-mac/lib/pinAccess.c.obj
 .ARM.attributes
                0x000000000000013e       0x34 CMakeFiles/lab6.dir/home/elkhayder/sec1-tp-mac/lib/spi.c.obj
 .ARM.attributes
                0x0000000000000172       0x34 CMakeFiles/lab6.dir/home/elkhayder/sec1-tp-mac/lib/exti.c.obj
 .ARM.attributes
                0x00000000000001a6       0x34 CMakeFiles/lab6.dir/home/elkhayder/sec1-tp-mac/lib/tft/tft.cpp.obj
 .ARM.attributes
                0x00000000000001da       0x34 CMakeFiles/lab6.dir/home/elkhayder/sec1-tp-mac/lib/tft/arduinoCore/Print.cpp.obj
 .ARM.attributes
                0x000000000000020e       0x34 CMakeFiles/lab6.dir/home/elkhayder/sec1-tp-mac/lib/tft/Adafruit-GFX-Library/Adafruit_GFX.cpp.obj
 .ARM.attributes
                0x0000000000000242       0x34 CMakeFiles/lab6.dir/home/elkhayder/sec1-tp-mac/lib/tft/Adafruit-GFX-Library/Adafruit_SPITFT.cpp.obj
 .ARM.attributes
                0x0000000000000276       0x34 CMakeFiles/lab6.dir/home/elkhayder/sec1-tp-mac/lib/tft/Adafruit-ST7735-Library/Adafruit_ST7735.cpp.obj
 .ARM.attributes
                0x00000000000002aa       0x34 CMakeFiles/lab6.dir/home/elkhayder/sec1-tp-mac/lib/tft/Adafruit-ST7735-Library/Adafruit_ST77xx.cpp.obj
 .ARM.attributes
                0x00000000000002de       0x34 CMakeFiles/lab6.dir/home/elkhayder/sec1-tp-mac/sys/startup_ARMCM4.c.obj
 .ARM.attributes
                0x0000000000000312       0x34 CMakeFiles/lab6.dir/home/elkhayder/sec1-tp-mac/sys/startup_clock.c.obj
 .ARM.attributes
                0x0000000000000346       0x34 /usr/share/gcc-arm-none-eabi-10.3-2021.10/bin/../lib/gcc/arm-none-eabi/10.3.1/../../../../arm-none-eabi/lib/thumb/v7e-m+fp/hard/libstdc++_nano.a(pure.o)
 .ARM.attributes
                0x000000000000037a       0x34 /usr/share/gcc-arm-none-eabi-10.3-2021.10/bin/../lib/gcc/arm-none-eabi/10.3.1/../../../../arm-none-eabi/lib/thumb/v7e-m+fp/hard/libstdc++_nano.a(eh_terminate.o)
 .ARM.attributes
                0x00000000000003ae       0x34 /usr/share/gcc-arm-none-eabi-10.3-2021.10/bin/../lib/gcc/arm-none-eabi/10.3.1/../../../../arm-none-eabi/lib/thumb/v7e-m+fp/hard/libstdc++_nano.a(eh_term_handler.o)
 .ARM.attributes
                0x00000000000003e2       0x34 /usr/share/gcc-arm-none-eabi-10.3-2021.10/bin/../lib/gcc/arm-none-eabi/10.3.1/thumb/v7e-m+fp/hard/libgcc.a(unwind-arm.o)
 .ARM.attributes
                0x0000000000000416       0x1e /usr/share/gcc-arm-none-eabi-10.3-2021.10/bin/../lib/gcc/arm-none-eabi/10.3.1/thumb/v7e-m+fp/hard/libgcc.a(libunwind.o)
 .ARM.attributes
                0x0000000000000434       0x34 /usr/share/gcc-arm-none-eabi-10.3-2021.10/bin/../lib/gcc/arm-none-eabi/10.3.1/thumb/v7e-m+fp/hard/libgcc.a(pr-support.o)
 .ARM.attributes
                0x0000000000000468       0x34 /usr/share/gcc-arm-none-eabi-10.3-2021.10/bin/../lib/gcc/arm-none-eabi/10.3.1/../../../../arm-none-eabi/lib/thumb/v7e-m+fp/hard/libc.a(lib_a-abort.o)
 .ARM.attributes
                0x000000000000049c       0x34 /usr/share/gcc-arm-none-eabi-10.3-2021.10/bin/../lib/gcc/arm-none-eabi/10.3.1/../../../../arm-none-eabi/lib/thumb/v7e-m+fp/hard/libc.a(lib_a-exit.o)
 .ARM.attributes
                0x00000000000004d0       0x34 /usr/share/gcc-arm-none-eabi-10.3-2021.10/bin/../lib/gcc/arm-none-eabi/10.3.1/../../../../arm-none-eabi/lib/thumb/v7e-m+fp/hard/libc.a(lib_a-impure.o)
 .ARM.attributes
                0x0000000000000504       0x34 /usr/share/gcc-arm-none-eabi-10.3-2021.10/bin/../lib/gcc/arm-none-eabi/10.3.1/../../../../arm-none-eabi/lib/thumb/v7e-m+fp/hard/libc.a(lib_a-init.o)
 .ARM.attributes
                0x0000000000000538       0x1c /usr/share/gcc-arm-none-eabi-10.3-2021.10/bin/../lib/gcc/arm-none-eabi/10.3.1/../../../../arm-none-eabi/lib/thumb/v7e-m+fp/hard/libc.a(lib_a-memcpy.o)
 .ARM.attributes
                0x0000000000000554       0x34 /usr/share/gcc-arm-none-eabi-10.3-2021.10/bin/../lib/gcc/arm-none-eabi/10.3.1/../../../../arm-none-eabi/lib/thumb/v7e-m+fp/hard/libc.a(lib_a-memset.o)
 .ARM.attributes
                0x0000000000000588       0x34 /usr/share/gcc-arm-none-eabi-10.3-2021.10/bin/../lib/gcc/arm-none-eabi/10.3.1/../../../../arm-none-eabi/lib/thumb/v7e-m+fp/hard/libc.a(lib_a-signal.o)
 .ARM.attributes
                0x00000000000005bc       0x34 /usr/share/gcc-arm-none-eabi-10.3-2021.10/bin/../lib/gcc/arm-none-eabi/10.3.1/../../../../arm-none-eabi/lib/thumb/v7e-m+fp/hard/libc.a(lib_a-signalr.o)
 .ARM.attributes
                0x00000000000005f0       0x1c /usr/share/gcc-arm-none-eabi-10.3-2021.10/bin/../lib/gcc/arm-none-eabi/10.3.1/../../../../arm-none-eabi/lib/thumb/v7e-m+fp/hard/libc.a(lib_a-strlen.o)
 .ARM.attributes
                0x000000000000060c       0x34 /usr/share/gcc-arm-none-eabi-10.3-2021.10/bin/../lib/gcc/arm-none-eabi/10.3.1/../../../../arm-none-eabi/lib/thumb/v7e-m+fp/hard/libc.a(lib_a-__call_atexit.o)
 .ARM.attributes
                0x0000000000000640       0x34 /usr/share/gcc-arm-none-eabi-10.3-2021.10/bin/../lib/gcc/arm-none-eabi/10.3.1/../../../../arm-none-eabi/lib/thumb/v7e-m+fp/hard/libc.a(lib_a-atexit.o)
 .ARM.attributes
                0x0000000000000674       0x34 /usr/share/gcc-arm-none-eabi-10.3-2021.10/bin/../lib/gcc/arm-none-eabi/10.3.1/../../../../arm-none-eabi/lib/thumb/v7e-m+fp/hard/libc.a(lib_a-fini.o)
 .ARM.attributes
                0x00000000000006a8       0x34 /usr/share/gcc-arm-none-eabi-10.3-2021.10/bin/../lib/gcc/arm-none-eabi/10.3.1/../../../../arm-none-eabi/lib/thumb/v7e-m+fp/hard/libc.a(lib_a-lock.o)
 .ARM.attributes
                0x00000000000006dc       0x34 /usr/share/gcc-arm-none-eabi-10.3-2021.10/bin/../lib/gcc/arm-none-eabi/10.3.1/../../../../arm-none-eabi/lib/thumb/v7e-m+fp/hard/libc.a(lib_a-reent.o)
 .ARM.attributes
                0x0000000000000710       0x34 /usr/share/gcc-arm-none-eabi-10.3-2021.10/bin/../lib/gcc/arm-none-eabi/10.3.1/../../../../arm-none-eabi/lib/thumb/v7e-m+fp/hard/libc.a(lib_a-__atexit.o)
 .ARM.attributes
                0x0000000000000744       0x34 /usr/share/gcc-arm-none-eabi-10.3-2021.10/bin/../lib/gcc/arm-none-eabi/10.3.1/thumb/v7e-m+fp/hard/crtend.o
 .ARM.attributes
                0x0000000000000778       0x1e /usr/share/gcc-arm-none-eabi-10.3-2021.10/bin/../lib/gcc/arm-none-eabi/10.3.1/thumb/v7e-m+fp/hard/crtn.o
 .ARM.attributes
                0x0000000000000796       0x34 /usr/share/gcc-arm-none-eabi-10.3-2021.10/bin/../lib/gcc/arm-none-eabi/10.3.1/../../../../arm-none-eabi/lib/thumb/v7e-m+fp/hard/libnosys.a(getpid.o)
 .ARM.attributes
                0x00000000000007ca       0x34 /usr/share/gcc-arm-none-eabi-10.3-2021.10/bin/../lib/gcc/arm-none-eabi/10.3.1/../../../../arm-none-eabi/lib/thumb/v7e-m+fp/hard/libnosys.a(kill.o)
 .ARM.attributes
                0x00000000000007fe       0x34 /usr/share/gcc-arm-none-eabi-10.3-2021.10/bin/../lib/gcc/arm-none-eabi/10.3.1/../../../../arm-none-eabi/lib/thumb/v7e-m+fp/hard/libnosys.a(_exit.o)

.comment        0x0000000000000000       0x49
 .comment       0x0000000000000000       0x49 CMakeFiles/lab6.dir/main.cpp.obj
                                         0x4a (size before relaxing)
 .comment       0x0000000000000049       0x4a CMakeFiles/lab6.dir/servo.cpp.obj
 .comment       0x0000000000000049       0x4a CMakeFiles/lab6.dir/encoder.cpp.obj
 .comment       0x0000000000000049       0x4a CMakeFiles/lab6.dir/home/elkhayder/sec1-tp-mac/lib/pinAccess.c.obj
 .comment       0x0000000000000049       0x4a CMakeFiles/lab6.dir/home/elkhayder/sec1-tp-mac/lib/spi.c.obj
 .comment       0x0000000000000049       0x4a CMakeFiles/lab6.dir/home/elkhayder/sec1-tp-mac/lib/exti.c.obj
 .comment       0x0000000000000049       0x4a CMakeFiles/lab6.dir/home/elkhayder/sec1-tp-mac/lib/tft/tft.cpp.obj
 .comment       0x0000000000000049       0x4a CMakeFiles/lab6.dir/home/elkhayder/sec1-tp-mac/lib/tft/arduinoCore/Print.cpp.obj
 .comment       0x0000000000000049       0x4a CMakeFiles/lab6.dir/home/elkhayder/sec1-tp-mac/lib/tft/Adafruit-GFX-Library/Adafruit_GFX.cpp.obj
 .comment       0x0000000000000049       0x4a CMakeFiles/lab6.dir/home/elkhayder/sec1-tp-mac/lib/tft/Adafruit-GFX-Library/Adafruit_SPITFT.cpp.obj
 .comment       0x0000000000000049       0x4a CMakeFiles/lab6.dir/home/elkhayder/sec1-tp-mac/lib/tft/Adafruit-ST7735-Library/Adafruit_ST7735.cpp.obj
 .comment       0x0000000000000049       0x4a CMakeFiles/lab6.dir/home/elkhayder/sec1-tp-mac/lib/tft/Adafruit-ST7735-Library/Adafruit_ST77xx.cpp.obj
 .comment       0x0000000000000049       0x4a CMakeFiles/lab6.dir/home/elkhayder/sec1-tp-mac/sys/startup_ARMCM4.c.obj
 .comment       0x0000000000000049       0x4a CMakeFiles/lab6.dir/home/elkhayder/sec1-tp-mac/sys/startup_clock.c.obj

.debug_info     0x0000000000000000     0xd29c
 .debug_info    0x0000000000000000     0x10e3 CMakeFiles/lab6.dir/main.cpp.obj
 .debug_info    0x00000000000010e3      0x3c1 CMakeFiles/lab6.dir/servo.cpp.obj
 .debug_info    0x00000000000014a4      0x314 CMakeFiles/lab6.dir/encoder.cpp.obj